Nĩ ũndũ NNE
NNE ookire NNE
NNE andũ NNE
NNE Judea NNE
I-PLAC andũ NNE
a I-PLAC NNE
magĩthiĩ kũrĩ NNE
Moimbũraga mehia NNE
NNE nake NNE
NNE NNE NNE
rũũĩ-inĩ rwa NNE
NNE I-PER NNE
