ni NNE NNE
muno NNE NNE
Baba NNE I-PER
Akimwira NNE NNE
: NNE NNE
Ndakinya NNE NNE
ni NNE NNE
. NNE NNE
munene NNE NNE
wa NNE NNE
akimucokeria NNE NNE
: NNE NNE
Mwathi NNE NNE
, NNE NNE
ndinyita NNE NNE
gwakwa NNE NNE
uga NNE NNE
kiugo I-PLAC NNE
na NNE NNE
yakwa NNE NNE
ikuhona NNE NNE
Tondu NNE NNE
na NNE NNE
ngoragwo NNE NNE
rwakwa NNE NNE
na NNE NNE
muthigari NNE NNE
, NNE NNE
Thii NNE NNE
' NNE NNE
guthii NNE NNE
, NNE NNE
ingira NNE NNE
' NNE NNE
! NNE NNE
no NNE NNE
okaga NNE NNE
na NNE NNE
ngombo NNE NNE
, NNE NNE
ika NNE NNE
! NNE NNE
ni NNE NNE
. NNE NNE
Riria I-PER NNE
aaiguire NNE NNE
, NNE NNE
na NNE NNE
aria NNE NNE
atiri NNE NNE
“ NNE NNE
ati NNE NNE
aingi NNE NNE
kuuma NNE NNE
wa NNE NNE
na NNE NNE
ni NNE NNE
na NNE NNE
Metha-ini NNE I-PLAC
na I-PER NNE
Uthamaki-ini NNE I-PLAC
iguru NNE I-PLAC
nao NNE NNE
a NNE NNE
magaaikio NNE NNE
Nduma-ini NNE I-PLAC
kuu NNE NNE
magego NNE NNE
“ I-PER NNE
agicoka NNE NNE
munene NNE NNE
wa NNE NNE
atiri NNE NNE
“ NNE NNE
. NNE NNE
ta NNE NNE
wonania NNE NNE
, NNE NNE
gutuike NNE NNE
. NNE NNE
Na NNE NNE
iyo NNE NNE
o NNE NNE
iyo NNE NNE
Baba NNE I-PER
riria I-PER NNE
athiire NNE NNE
Petero NNE I-PER
akiona NNE NNE
wa NNE NNE
wa I-PER NNE
akomete NNE NNE
na NNE NNE
ucio NNE NNE
, NNE NNE
akiambiriria NNE NNE
. I-PER NNE
No NNE NNE
Hwa-ini NNE NNE
makimurehera NNE NNE
aingi NNE NNE
na NNE NNE
na NNE NNE
ndaimono NNE NNE
na NNE NNE
aria NNE NNE
maarwarite NNE NNE
niguo NNE NNE
uhoro NNE NNE
waaririo NNE NNE
munabii I-PER NNE
, NNE NNE
oigire NNE NNE
“ NNE NNE
aakuuire NNE NNE
itu NNE NNE
agitwehereria NNE NNE
rwitu NNE NNE
“ I-PER NNE
Riria I-PER NNE
onire NNE NNE
kumuthiururukiirie NNE NNE
akira NNE NNE
ake NNE NNE
kuu NNE NNE
murimo NNE I-PLAC
ungi NNE NNE
Na I-PER NNE
umwe NNE NNE
akimwira NNE NNE
Murutani NNE I-PER
ni NNE NNE
kuria NNE NNE
urithiaga NNE NNE
“ I-PER NNE
No I-PER NNE
akimwira NNE NNE
: NNE NNE
Mbwe NNE NNE
iri NNE NNE
, NNE NNE
nyoni NNE NNE
Riera-ini NNE I-PLAC
iri NNE NNE
, NNE NNE
muru NNE NNE
mundu NNE NNE
handu NNE NNE
kuigirira NNE NNE
giake NNE NNE
“ NNE NNE
murutwo NNE NNE
akimwira NNE NNE
“ I-PER NNE
, NNE NNE
nyambe NNE NNE
na NNE NNE
kunumirira NNE NNE
na NNE NNE
akuu NNE NNE
akuu NNE NNE
. NNE NNE
Baba NNE I-PER
riria NNE NNE
gataru NNE NNE
arutwo NNE NNE
makimurumirira NNE NNE
na NNE NNE
, NNE NNE
makihuurana NNE NNE
Iria-ini NNE I-PLAC
undu NNE NNE
mai NNE NNE
gataru-ini NNE I-PLAC
no NNE NNE
aari NNE NNE
. NNE NNE
makimuukiria NNE NNE
makimwira NNE NNE
“ I-PER NNE
, NNE NNE
, NNE NNE
hakuhi NNE NNE
! NNE NNE
No NNE NNE
akimoria NNE NNE
“ NNE NNE
uguo NNE NNE
, NNE NNE
muri NNE NNE
witikio NNE NNE
? NNE NNE
Agicoka NNE NNE
, NNE NNE
ruhuho NNE NNE
o NNE NNE
na I-PLAC NNE
, NNE NNE
gukihoorera NNE NNE
. NNE NNE
andu NNE NNE
makigega NNE NNE
makiirana NNE NNE
: NNE NNE
Kai NNE NNE
ari NNE NNE
wa NNE NNE
uriku NNE NNE
Nginya NNE NNE
na NNE NNE
ni NNE NNE
! NNE NNE
Riria NNE NNE
murimo NNE I-PLAC
ungi I-PLAC NNE
kia I-PLAC NNE
agicemania NNE NNE
andu NNE NNE
maari NNE NNE
ndaimono NNE NNE
mbirira-ini NNE I-PLAC
Na NNE NNE
oru NNE NNE
, NNE NNE
ati NNE NNE
mundu NNE NNE
kugera NNE NNE
iyo NNE NNE
magikaya NNE NNE
mugambo NNE NNE
makiuga NNE NNE
“ NNE NNE
gwika NNE NNE
atia NNE NNE
, NNE NNE
wa I-PER NNE
? I-PER NNE
Hihi NNE NNE
gutherithia NNE NNE
ya NNE NNE
riria NNE NNE
gukinya NNE NNE
“ I-PER NNE
No NNE NNE
haraya NNE NNE
haria NNE NNE
, NNE NNE
haari NNE NNE
ruuru NNE NNE
ngurue NNE NNE
ciariaga NNE NNE
Baba NNE I-PER
ndaimono NNE NNE
ikiambiriria NNE NNE
: NNE NNE
ikimwira NNE NNE
“ NNE NNE
ni NNE NNE
ugutuingata NNE NNE
twitikirie NNE NNE
tuingire I-PLAC NNE
wa NNE NNE
ruuria NNE NNE
ngurue NNE NNE
“ I-PER NNE
Nake NNE NNE
: NNE NNE
thiii NNE NNE
“ NNE NNE
ikiuma NNE NNE
igithii NNE NNE
thiini NNE NNE
ngurue NNE NNE
, NNE NNE
riri NNE NNE
ruuru NNE NNE
ruothe NNE NNE
Kiharuruka-ini NNE I-PLAC
Iria-ini NNE I-PLAC
rugikuira I-PLAC NNE
No NNE NNE
makiura NNE NNE
, NNE NNE
maakinya NNE NNE
, NNE NNE
maundu NNE NNE
, NNE NNE
na NNE NNE
wigii NNE NNE
acio NNE NNE
na NNE NNE
. NNE NNE
riri NNE NNE
andu NNE NNE
a NNE NNE
iyo NNE NNE
magatunge I-PER NNE
, NNE NNE
riria NNE NNE
, NNE NNE
muno NNE NNE
gicigo-ini NNE I-PLAC
. I-PER NNE
Kwoguo NNE NNE
Jesu NNE I-PER
gataru NNE NNE
akiringa I-PLAC NNE
uria NNE NNE
na NNE NNE
tauni NNE NNE
kwao NNE NNE
Baba NNE I-PER
andu NNE NNE
mundu NNE NNE
ciiga NNE NNE
Kariri-ini NNE I-PLAC
Baba NNE I-PER
riria I-PER NNE
onire NNE NNE
wao NNE NNE
akira NNE NNE
ucio NNE NNE
ciiga NNE NNE
: NNE NNE
Muru NNE NNE
, NNE NNE
! NNE NNE
woheruo NNE NNE
makumbi NNE NNE
“ NNE NNE
Andiki-watho NNE NNE
makiirana NNE NNE
: NNE NNE
Mundu NNE NNE
ni NNE NNE
Ngai NNE I-PER
“ NNE NNE
Jesu NNE I-PER
meciria NNE NNE
, NNE NNE
: NNE NNE
Mureciria NNE NNE
moru NNE NNE
wa NNE NNE
cianyu NNE NNE
? NNE NNE
Ni NNE NNE
uriku NNE NNE
, NNE NNE
kuuga NNE NNE
' NNE NNE
woheruo NNE NNE
Maku-i NNE NNE
' NNE NNE
ni NNE NNE
, NNE NNE
Ukira NNE NNE
' NNE NNE
Baba NNE I-PER
wa NNE NNE
ari NNE NNE
wathani NNE NNE
kuohanira NNE NNE
guku I-PLAC NNE
“ NNE NNE
akira NNE NNE
ucio NNE NNE
ciiga NNE NNE
: NNE NNE
Ukira NNE NNE
woe NNE NNE
giaku NNE NNE
na NNE NNE
. NNE NNE
Nake NNE NNE
ucio NNE NNE
na NNE NNE
. NNE NNE
riria NNE NNE
kioonire NNE NNE
, NNE NNE
, NNE NNE
Ngai NNE I-PER
o NNE NNE
waheete NNE NNE
uhoti NNE NNE
ucio NNE NNE
Baba NNE I-PER
riria I-PER NNE
aathiaga NNE NNE
akiona NNE NNE
wetagwo I-PER NNE
aikarite I-PLAC NNE
ya NNE NNE
igooti NNE I-PLAC
akimwira NNE NNE
: NNE NNE
Tuituka NNE NNE
wakwa NNE NNE
“ NNE NNE
agiukira NNE NNE
akimurumiririra NNE NNE
Thutha NNE NNE
, NNE NNE
Jesu NNE I-PER
thi I-PLAC I-PLAC
, NNE NNE
aingi NNE NNE
mbeca NNE NNE
igooti NNE I-PLAC
ehia NNE NNE
makiambiriria NNE NNE
hamwe NNE NNE
Jesu NNE I-PER
arutwo NNE NNE
. NNE NNE
riria NNE NNE
moonire NNE NNE
ucio NNE NNE
arutwo NNE NNE
uu NNE NNE
“ I-PER NNE
wanyu NNE NNE
na NNE NNE
a NNE NNE
cia I-PLAC NNE
na NNE NNE
nini NNE NNE
Baba NNE I-PER
guthii NNE NNE
muraika NNE NNE
Jehova NNE I-PER
Jusufu NNE I-PER
akimwira NNE NNE
“ NNE NNE
, NNE NNE
mwana NNE NNE
na NNE NNE
muurire I-PLAC NNE
, NNE NNE
muikare NNE NNE
nginya NNE NNE
ngaakwira NNE NNE
tondu I-PER NNE
ari NNE NNE
mwana NNE NNE
niguo NNE NNE
. NNE NNE
Baba NNE I-PER
na NNE NNE
mwana NNE NNE
magithii I-PLAC NNE
. NNE NNE
kuo NNE NNE
riria I-PER NNE
aakuire NNE NNE
niguo NNE NNE
iria I-PER NNE
aaririe NNE NNE
munabii NNE NNE
ihinge NNE NNE
: NNE NNE
ndeetire NNE NNE
wakwa NNE NNE
Misiri NNE I-PLAC
“ I-PER NNE
nake I-PER NNE
, NNE NNE
ati NNE NNE
aaheenirio NNE NNE
atuiria NNE NNE
njata NNE NNE
muno NNE NNE
na NNE NNE
tuhii NNE NNE
twa NNE NNE
iiri NNE NNE
na NNE NNE
tuuragwo NNE NNE
wa I-PLAC NNE
na NNE NNE
aatuiritie NNE NNE
na NNE NNE
uria NNE NNE
kuri NNE NNE
a NNE NNE
yoimirire NNE NNE
Kwoguo NNE NNE
iria NNE NNE
kugerera NNE NNE
Jeremia NNE I-PER
, NNE NNE
: NNE NNE
Mugambo NNE NNE
waiguiruo I-PER NNE
, NNE NNE
kiriro NNE NNE
gutiri NNE NNE
ciake NNE NNE
na NNE NNE
mundu NNE NNE
kumuumiriria NNE NNE
itiari NNE NNE
. NNE NNE
Baba NNE I-PER
Herode NNE I-PER
, NNE NNE
wa I-PER NNE
akiumirira I-PER NNE
Kiroto-ini NNE NNE
Misiri NNE I-PLAC
: NNE NNE
Ukira NNE NNE
woe NNE NNE
na NNE NNE
muthii NNE NNE
wa NNE NNE
Isiraeli NNE I-PLAC
tondu NNE NNE
meendaga NNE NNE
mwana NNE NNE
ni NNE NNE
. NNE NNE
Baba NNE I-PER
agikura NNE NNE
akioya NNE NNE
ucio NNE NNE
mutumia NNE NNE
magithii NNE NNE
wa I-PLAC NNE
. I-PER NNE
No NNE NNE
aaiguire NNE NNE
Arikelau NNE I-PER
waathanaga NNE NNE
muthamaki NNE NNE
Judea NNE I-PLAC
ria NNE NNE
Herode NNE I-PER
agitigira NNE NNE
kuo NNE NNE
Baba NNE I-PER
, NNE NNE
ni NNE NNE
ni I-PER NNE
Kiroto-ini NNE NNE
agithii I-PLAC NNE
. I-PER NNE
Agiikara I-PLAC NNE
ritagwo NNE NNE
, NNE NNE
ciugo NNE NNE
ciaaririo NNE NNE
anabii NNE NNE
ati NNE NNE
“ NNE NNE
Munazarini NNE I-PER
“ I-PER NNE
na NNE NNE
gwakinyire NNE NNE
, I-PER NNE
mubatithania NNE NNE
okire NNE NNE
akiambiriria NNE NNE
weru-ini NNE I-PLAC
Judea NNE I-PLAC
akiugaga NNE NNE
: NNE NNE
Mwirirei NNE NNE
tondu NNE NNE
wa I-PLAC NNE
ni NNE NNE
. NNE NNE
Ucio NNE NNE
waritio NNE NNE
wake NNE NNE
munabii I-PER NNE
na NNE NNE
ici NNE NNE
“ NNE NNE
uraanirira I-PLAC NNE
akoiga NNE NNE
' NNE NNE
njira NNE NNE
Jehova NNE I-PER
Rungai NNE NNE
ciake NNE NNE
' NNE NNE
Baba NNE I-PER
Johana NNE I-PER
eehumbaga NNE NNE
cia NNE NNE
wa NNE NNE
njohero NNE NNE
irio NNE NNE
ciari NNE NNE
na NNE NNE
wa NNE NNE
. NNE NNE
andu NNE NNE
Jerusalemu NNE I-PLAC
Judea NNE I-PLAC
na NNE NNE
mothe NNE NNE
maathiururukiirie I-PLAC NNE
ni NNE NNE
kuri NNE NNE
, NNE NNE
makabatithio NNE NNE
Ruui-ini NNE I-PLAC
Jorodani NNE I-PLAC
makiumburaga NNE NNE
mao NNE NNE
Baba NNE I-PER
onire NNE NNE
na NNE NNE
aingi NNE NNE
haria NNE NNE
, NNE NNE
atiri NNE NNE
“ NNE NNE
njiarua NNE NNE
nyoka NNE NNE
thumu NNE NNE
nu NNE NNE
ati NNE NNE
muurire NNE NNE
maria NNE NNE
? NNE NNE
undu NNE NNE
, NNE NNE
maciaro NNE NNE
ni NNE NNE
. I-PER NNE
Mutikeire NNE NNE
, NNE NNE
ithui NNE NNE
ciana NNE NNE
Iburahimu NNE I-PER
' NNE NNE
ngumwira NNE NNE
Ngai NNE I-PER
ahote NNE NNE
Iburahimu NNE I-PER
na NNE NNE
kuuma NNE NNE
maya NNE NNE
Baba NNE I-PER
ni NNE NNE
Gitina-ini NNE I-PLAC
Mutikeire NNE NNE
Baba NNE I-PER
muti NNE NNE
wothe NNE NNE
maciaro NNE NNE
ni NNE NNE
na NNE NNE
Mwaki-ini NNE I-PLAC
Baba NNE I-PER
ndimubatithagia NNE NNE
mai NNE NNE
wa NNE NNE
kwanyu NNE NNE
No NNE NNE
uroka NNE NNE
wakwa NNE NNE
munene NNE NNE
, NNE NNE
itaru NNE NNE
ndiri NNE NNE
wa NNE NNE
. I-PER NNE
Ucio NNE NNE
na NNE NNE
mutheru NNE NNE
mwaki NNE NNE
Baba NNE I-PER
giake NNE NNE
kuhuuha NNE NNE
akinyitite NNE NNE
na NNE NNE
agaatheria NNE NNE
giake NNE NNE
, NNE NNE
acokaniririe NNE NNE
yake NNE NNE
wa NNE NNE
, NNE NNE
mahuti NNE NNE
gucina NNE NNE
na NNE NNE
uria NNE NNE
. NNE NNE
Baba NNE I-PER
Jesu NNE I-PER
Galili NNE I-PLAC
kuri I-PER NNE
Ruui-ini NNE I-PLAC
Jorodani NNE I-PLAC
abatithio NNE NNE
. I-PER NNE
No I-PER NNE
akigeria NNE NNE
, NNE NNE
: NNE NNE
kai I-PER NNE
kuri NNE NNE
na NNE NNE
ndirabatara NNE NNE
niwe NNE NNE
“ I-PER NNE
akimucokeria NNE NNE
: NNE NNE
kungiria NNE NNE
Tondu NNE NNE
njira NNE NNE
ni NNE NNE
tuhingie NNE NNE
mothe NNE NNE
uthingu NNE NNE
“ NNE NNE
agitiga NNE NNE
. I-PER NNE
Thutha NNE NNE
Jesu NNE I-PER
, NNE NNE
Maai-ini NNE I-PLAC
rimwe NNE NNE
nario I-PLAC NNE
rikihinguka NNE NNE
Johana NNE I-PER
roho NNE NNE
Ngai NNE I-PER
uhaana NNE NNE
ndutura NNE NNE
iguru NNE I-PLAC
. I-PER NNE
na NNE NNE
, NNE NNE
ukiuma I-PLAC NNE
ukiuga NNE NNE
: NNE NNE
Uyu NNE NNE
muru NNE NNE
, NNE NNE
nyendete NNE NNE
, NNE NNE
ni NNE NNE
. NNE NNE
Jesu NNE I-PER
agitongorio NNE NNE
roho NNE NNE
weru-ini NNE I-PLAC
aageririo NNE NNE
Mucukani NNE I-PER
Baba NNE I-PER
wa NNE NNE
kuria NNE NNE
thiku NNE NNE
ina NNE NNE
akiigua NNE NNE
. I-PER NNE
Nake I-PER NNE
agiuka NNE NNE
uu NNE NNE
“ NNE NNE
uria NNE NNE
wa I-PER NNE
, NNE NNE
mahiga NNE NNE
matuike NNE NNE
. NNE NNE
No I-PER NNE
akimucokeria NNE NNE
: NNE NNE
Ni NNE NNE
atiri NNE NNE
' NNE NNE
mugate NNE NNE
ungituuria NNE NNE
muoyo NNE NNE
No NNE NNE
kiugo NNE NNE
kiumaga I-PLAC NNE
kai I-PER NNE
. NNE NNE
“ NNE NNE
Mucukani NNE I-PER
thiini NNE NNE
ituura NNE NNE
itheru NNE NNE
Gacumbiri-ini NNE I-PLAC
hekaru NNE I-PLAC
akimwira NNE NNE
: NNE NNE
Angikoruo NNE NNE
muru NNE NNE
Ngai NNE I-PER
wiguithie I-PLAC NNE
, NNE NNE
ni NNE NNE
: NNE NNE
agaatha NNE NNE
ake NNE NNE
waku NNE NNE
' NNE NNE
' NNE NNE
magakunyitirira NNE NNE
niguo NNE NNE
kuguru NNE NNE
ihiga NNE NNE
' NNE NNE
Jesu NNE I-PER
: NNE NNE
na NNE NNE
maandiko NNE NNE
atiri NNE NNE
' NNE NNE
Jehova I-PER I-PER
waku NNE NNE
' NNE NNE
Baba I-PER I-PER
agicoka NNE NNE
Kirima-ini NNE I-PLAC
muno NNE NNE
akimuonia NNE NNE
mothe NNE NNE
thi NNE I-PLAC
riri NNE NNE
. I-PER NNE
Akimwira NNE NNE
: NNE NNE
maundu NNE NNE
mothe NNE NNE
ngukuhe NNE NNE
maru NNE NNE
. NNE NNE
Nake I-PER NNE
akimwira NNE NNE
Thii I-PER NNE
! NNE NNE
ni NNE NNE
atiri NNE NNE
' I-PER NNE
Ngai NNE I-PER
nowe NNE NNE
wagiriiruo NNE NNE
utungata NNE NNE
. NNE NNE
“ I-PER NNE
