Ibuku NNE NNE
uhoro NNE NNE
utuuro NNE NNE
Jesu I-PER I-PER
, NNE NNE
wa I-PER NNE
, NNE NNE
wa I-PER NNE
: I-PER NNE
agituika NNE NNE
wa I-PER NNE
; I-PER NNE
agituika NNE NNE
wa I-PER NNE
; I-PER NNE
agituika NNE NNE
wa I-PER NNE
na NNE NNE
angi NNE NNE
Juda NNE I-PER
ithe NNE NNE
Perezu NNE I-PER
Zera NNE I-PER
nyina NNE NNE
aari I-PER NNE
; I-PER NNE
agituika NNE NNE
wa I-PER NNE
; I-PER NNE
agituika NNE NNE
wa I-PER NNE
; I-PER NNE
agituika NNE NNE
wa I-PER NNE
; I-PER NNE
agituika NNE NNE
wa I-PER NNE
; I-PER NNE
agituika NNE NNE
wa I-PER NNE
; I-PER NNE
agituika NNE NNE
wa I-PER NNE
na NNE NNE
aari I-PER NNE
; I-PER NNE
agituika NNE NNE
wa I-PER NNE
na NNE NNE
aari I-PER NNE
; I-PER NNE
agituika NNE NNE
wa I-PER NNE
; I-PER NNE
agituika NNE NNE
wa NNE NNE
Daudi NNE I-PER
Baba I-PER I-PER
agituika NNE NNE
wa I-PER NNE
na NNE NNE
aari NNE NNE
wa NNE NNE
; I-PER NNE
agituika NNE NNE
wa I-PER NNE
; I-PER NNE
agituika NNE NNE
wa I-PER NNE
; I-PER NNE
agituika NNE NNE
wa I-PER NNE
; I-PER NNE
agituika NNE NNE
wa I-PER NNE
agituika NNE NNE
wa I-PER NNE
; I-PER NNE
agituika NNE NNE
wa I-PER NNE
; I-PER NNE
agituika NNE NNE
wa I-PER NNE
; I-PER NNE
agituika NNE NNE
wa I-PER NNE
; I-PER NNE
agituika NNE NNE
Manase NNE I-PER
Manase NNE I-PER
ithe NNE NNE
Amoni NNE I-PER
Amoni NNE I-PER
ithe NNE NNE
Josia NNE I-PER
Josia NNE I-PER
ithe NNE NNE
Jekonia NNE I-PER
ariu NNE NNE
hindi NNE NNE
gutwaruao I-PLAC NNE
Babuloni NNE I-PLAC
Baba NNE I-PER
wa NNE NNE
Babuloni NNE I-PLAC
Jekonia NNE I-PER
ithe NNE NNE
Shealitieli NNE I-PER
Shealitieli NNE I-PER
ithe NNE NNE
Zerubabeli NNE I-PER
Zerubabeli NNE I-PER
ithe NNE NNE
Abihudu NNE I-PER
Abihudu NNE I-PER
ithe NNE NNE
Eliakimi NNE I-PER
Eliakimi NNE I-PER
ithe NNE NNE
Azoro NNE I-PER
Azoro NNE I-PER
ithe I-PER NNE
; I-PER NNE
agituika NNE NNE
wa I-PER NNE
; I-PER NNE
agituika NNE NNE
wa I-PER NNE
; I-PER NNE
agituika NNE NNE
wa I-PER NNE
; I-PER NNE
agituika NNE NNE
wa I-PER NNE
; I-PER NNE
agituika NNE NNE
wa I-PER NNE
; I-PER NNE
agituika NNE NNE
wa I-PER NNE
muthuri NNE NNE
Mariamu NNE I-PER
waciarire I-PER NNE
, NNE NNE
witagwo I-PER NNE
. I-PER NNE
Kwoguo NNE NNE
ciothe NNE NNE
hari I-PER NNE
nginya NNE NNE
Daudi NNE I-PER
ikumi NNE NNE
inya NNE NNE
na NNE NNE
hari I-PER NNE
nginya NNE NNE
ya NNE NNE
ithamirio I-PLAC I-PLAC
ciari NNE NNE
ikumi NNE NNE
inya NNE NNE
na NNE NNE
hindi NNE NNE
guthamirio I-PLAC NNE
Babuloni NNE I-PLAC
hari I-PER NNE
ciari NNE NNE
ikumi NNE NNE
inya NNE NNE
Baba NNE I-PER
guciaruo NNE NNE
Jesu I-PER I-PER
gwatarii NNE NNE
: NNE NNE
iria NNE NNE
, I-PER NNE
, NNE NNE
ahikio NNE NNE
Jusufu NNE I-PER
agikoruo NNE NNE
nda NNE NNE
njira NNE NNE
roho NNE NNE
matanahikania NNE NNE
Baba NNE I-PER
njira NNE NNE
roho NNE NNE
matanahikania NNE NNE
Baba NNE I-PER
riri NNE NNE
tondu NNE NNE
, I-PER NNE
aari NNE NNE
muthingu NNE NNE
ndendage NNE NNE
, NNE NNE
kumutiga NNE NNE
ya NNE NNE
. I-PER NNE
No NNE NNE
wa NNE NNE
uhoro NNE NNE
, NNE NNE
wa I-PER NNE
akimuumirira NNE NNE
, NNE NNE
: NNE NNE
Jusufu NNE I-PER
wa I-PER NNE
, NNE NNE
kuhikia NNE NNE
waku I-PER NNE
, NNE NNE
nda NNE NNE
ari NNE NNE
yumanite NNE NNE
roho NNE NNE
. NNE NNE
agaaciara NNE NNE
wa NNE NNE
, NNE NNE
ni NNE NNE
riitwa I-PER NNE
, NNE NNE
ni NNE NNE
andu NNE NNE
Mehia-ini NNE NNE
. NNE NNE
Baba NNE I-PER
macio NNE NNE
mekikire NNE NNE
ciugo NNE NNE
Jehova NNE I-PER
, NNE NNE
aaririe NNE NNE
munabii NNE NNE
akiuga NNE NNE
“ NNE NNE
, NNE NNE
muthingu NNE NNE
ni NNE NNE
nda NNE NNE
na NNE NNE
mwana NNE NNE
kahii NNE NNE
na NNE NNE
makaamwita I-PER NNE
uguo NNE NNE
kuuga NNE NNE
Ngai NNE I-PER
Ari NNE NNE
na NNE NNE
. NNE NNE
Baba I-PER I-PER
agicoka NNE NNE
kuuma NNE NNE
na NNE NNE
o NNE NNE
muraika NNE NNE
Jehova NNE I-PER
, NNE NNE
mutumia NNE NNE
akimutwara NNE NNE
. NNE NNE
ndaigana NNE NNE
nake NNE NNE
agiciara NNE NNE
wa NNE NNE
, NNE NNE
akimuhe NNE NNE
Jesu NNE I-PER
Baba NNE I-PER
wa I-PER NNE
guciariruo I-PLAC NNE
ya I-PLAC NNE
Matuku-ini NNE NNE
muthamaki I-PER NNE
, NNE NNE
a NNE NNE
kuuma NNE NNE
wa I-PLAC NNE
magiuka I-PLAC NNE
, NNE NNE
atiri NNE NNE
“Ari NNE NNE
muthamaki NNE NNE
wa NNE NNE
uciaritwo NNE NNE
Baba NNE I-PER
ni NNE NNE
njata NNE NNE
turi NNE NNE
wa I-PLAC NNE
, NNE NNE
riu NNE NNE
kumuinamirira NNE NNE
. NNE NNE
muthamaki I-PER NNE
o NNE NNE
andu NNE NNE
Jerusalemu NNE I-PLAC
maaigurie NNE NNE
, NNE NNE
muno NNE NNE
Baba NNE I-PER
athinjiri I-PER NNE
aria NNE NNE
othe NNE NNE
na NNE NNE
watho NNE NNE
kuria I-PER NNE
angiciariiruo NNE NNE
Baba NNE I-PER
atiri NNE NNE
“ NNE NNE
wa I-PLAC NNE
ya NNE NNE
wa I-PER NNE
, NNE NNE
aria NNE NNE
othe NNE NNE
Juda NNE I-PER
ni NNE NNE
ta NNE NNE
ituura NNE NNE
igweta NNE NNE
tondu NNE NNE
waku NNE NNE
gukoima NNE NNE
ukaariithia NNE NNE
akwa I-PLAC NNE
. NNE NNE
Baba I-PER I-PER
agicoka NNE NNE
atuiria NNE NNE
a NNE NNE
na NNE NNE
akimoria NNE NNE
iria NNE NNE
iyo NNE NNE
. I-PER NNE
Akimatuma I-PLAC NNE
, NNE NNE
: NNE NNE
Thiii NNE NNE
wega NNE NNE
wigii NNE NNE
ucio NNE NNE
na NNE NNE
Thiii NNE NNE
. NNE NNE
Baba NNE I-PER
guthikiriria NNE NNE
, NNE NNE
, NNE NNE
njata NNE NNE
moonete NNE NNE
mwena NNE NNE
Irathiro NNE I-PLAC
iri NNE NNE
yao NNE NNE
nginya NNE NNE
yarugamire I-PLAC NNE
ria NNE NNE
iria NNE NNE
ucio NNE NNE
. I-PER NNE
Riria NNE NNE
njata NNE NNE
yarugama NNE NNE
magikena NNE NNE
. I-PER NNE
na NNE NNE
nyumba NNE NNE
, NNE NNE
mwana NNE NNE
na NNE NNE
Mariamu NNE I-PER
magituria NNE NNE
makiinamirira NNE NNE
ucio NNE NNE
Baba NNE I-PER
makimuhe NNE NNE
, NNE NNE
na NNE NNE
iri NNE NNE
. I-PER NNE
No NNE NNE
, NNE NNE
ni NNE NNE
ni I-PER NNE
Kiroto-ini NNE NNE
kuri I-PER NNE
, NNE NNE
bururi NNE NNE
magereire NNE NNE
ingi NNE NNE
Baba I-PER I-PER
Nu I-PLAC NNE
kanyu NNE NNE
kuongerera NNE NNE
umwe NNE NNE
utuuro NNE NNE
ni NNE NNE
wa NNE NNE
? I-PER NNE
Ningi-ri NNE NNE
mutangikaga NNE NNE
Uhoro-ini NNE NNE
kwihumba NNE NNE
Baba NNE I-PER
na NNE NNE
mahua NNE NNE
; NNE NNE
, NNE NNE
makogotha NNE NNE
; NNE NNE
ngumwira NNE NNE
o NNE NNE
Suleimani NNE I-PER
riri NNE NNE
wothe NNE NNE
ta NNE NNE
riamo NNE NNE
Baba NNE I-PER
angikoruo NNE NNE
niguo I-PER NNE
ahumbaga NNE NNE
yaku NNE NNE
, NNE NNE
ikoragwo NNE NNE
umuthi NNE NNE
ruciu NNE NNE
Mwaki-ini-ri NNE I-PLAC
githi NNE NNE
inyui NNE NNE
na NNE NNE
, NNE NNE
muri NNE NNE
witikio NNE NNE
? NNE NNE
undu NNE NNE
mutikanatangike NNE NNE
, NNE NNE
Tukuria NNE NNE
? NNE NNE
kana NNE NNE
' NNE NNE
kii NNE NNE
' I-PER NNE
Tondu NNE NNE
macio NNE NNE
nimo NNE NNE
macio NNE NNE
nimo NNE NNE
a I-PLAC NNE
mathingataga NNE NNE
kiyo NNE NNE
ithe NNE NNE
wa I-PLAC NNE
ni NNE NNE
ati NNE NNE
mubataraga NNE NNE
macio NNE NNE
. I-PER NNE
“ NNE NNE
undu NNE NNE
, NNE NNE
uthamaki NNE NNE
Ngai NNE I-PER
na NNE NNE
wake NNE NNE
namo NNE NNE
macio NNE NNE
mothe NNE NNE
muriongagiriruo NNE NNE
Baba NNE I-PER
mutikanatangike NNE NNE
undu NNE NNE
ruciu NNE NNE
rugaakoruo NNE NNE
mitangiko NNE NNE
. I-PER NNE
O NNE NNE
ukoragwo NNE NNE
uuru NNE NNE
. I-PER NNE
“ NNE NNE
gutuangira NNE NNE
aria NNE NNE
niguo I-PER NNE
ndakanamutuire NNE NNE
ni NNE NNE
ituiro NNE NNE
mutuanagira NNE NNE
, NNE NNE
mugaatuiruo NNE NNE
, NNE NNE
. I-PER NNE
Kwoguo-ri NNE NNE
kii NNE NNE
urore NNE NNE
karia NNE NNE
riitho NNE NNE
muru NNE NNE
ithe NNE NNE
no NNE NNE
rubito NNE NNE
ruria NNE NNE
riaku NNE NNE
Baba NNE I-PER
ungihota NNE NNE
kwira NNE NNE
wa NNE NNE
wanyu NNE NNE
' NNE NNE
ngurute NNE NNE
kau NNE NNE
riitho NNE NNE
, NNE NNE
na NNE NNE
riaku NNE NNE
riria NNE NNE
rubito NNE NNE
Baba NNE I-PER
ino NNE NNE
Baba NNE I-PER
urute NNE NNE
ruu NNE NNE
riitho NNE NNE
mwene NNE NNE
na NNE NNE
ucio NNE NNE
ukuhota NNE NNE
wega NNE NNE
ukuruta NNE NNE
kau NNE NNE
riitho NNE NNE
muru NNE NNE
ithe NNE NNE
. I-PER NNE
“ NNE NNE
ngui NNE NNE
iria NNE NNE
Ngai NNE I-PER
o NNE NNE
kana NNE NNE
ngurue NNE NNE
cianyu NNE NNE
igucirangiriria I-PLAC NNE
icoke NNE NNE
. I-PER NNE
“ NNE NNE
na NNE NNE
kuhoya NNE NNE
na NNE NNE
mukuheo NNE NNE
na NNE NNE
gucaria NNE NNE
na NNE NNE
mukuona NNE NNE
thiii NNE NNE
mbere NNE NNE
, NNE NNE
ni NNE NNE
. I-PER NNE
Tondu NNE NNE
o NNE NNE
uhoyaga NNE NNE
aheagwo NNE NNE
na NNE NNE
o NNE NNE
ucaragia NNE NNE
onaga NNE NNE
na NNE NNE
o NNE NNE
uringaringaga NNE NNE
ni NNE NNE
. I-PER NNE
Nu NNE NNE
Gatagati-ini NNE I-PLAC
ungihoyuo NNE NNE
ni NNE NNE
amuhe NNE NNE
? I-PER NNE
Kana NNE NNE
angimuhoya NNE NNE
, NNE NNE
amuhe NNE NNE
? I-PER NNE
Ni NNE NNE
Ucio-ri NNE NNE
angikoruo NNE NNE
o NNE NNE
gutuika NNE NNE
ehia NNE NNE
wanyu NNE NNE
iguru NNE I-PLAC
githi NNE NNE
mamuhoyaga NNE NNE
indo NNE NNE
! I-PER NNE
“ NNE NNE
undu NNE NNE
, NNE NNE
mothe NNE NNE
mungienda NNE NNE
aria NNE NNE
mamwikage NNE NNE
no NNE NNE
o NNE NNE
inyui NNE NNE
o NNE NNE
. I-PER NNE
Uguo NNE NNE
watho NNE NNE
mabuku NNE NNE
anabii NNE NNE
. I-PER NNE
“ NNE NNE
muromo NNE NNE
muceke NNE NNE
muromo NNE NNE
mwarii NNE NNE
njira NNE NNE
ikinyagia NNE NNE
hari NNE NNE
ni NNE NNE
, NNE NNE
andu NNE NNE
aingi NNE NNE
mageraga NNE NNE
no NNE NNE
ni NNE NNE
na NNE NNE
iria NNE NNE
andu NNE NNE
muoyo NNE NNE
ngunderu NNE NNE
na NNE NNE
aria NNE NNE
ni NNE NNE
. NNE NNE
Mwihugagei NNE NNE
a NNE NNE
aria NNE NNE
kuri NNE NNE
mehumbite NNE NNE
rwa NNE NNE
, NNE NNE
thiini NNE NNE
njui NNE NNE
. I-PER NNE
Ni NNE NNE
kugerera NNE NNE
mao NNE NNE
Gutiri NNE NNE
andu NNE NNE
thabibu NNE NNE
ria-ini NNE NNE
O NNE NNE
umwe NNE NNE
ucio NNE NNE
muti NNE NNE
mwega NNE NNE
maciaro NNE NNE
, NNE NNE
muti NNE NNE
muru NNE NNE
maciaro NNE NNE
, NNE NNE
na NNE NNE
muti NNE NNE
uciare NNE NNE
mega NNE NNE
Muti NNE NNE
wothe NNE NNE
maciaro NNE NNE
ni NNE NNE
utemagwo NNE NNE
ugaikio I-PLAC NNE
. NNE NNE
, NNE NNE
acio NNE NNE
murimamenyaga NNE NNE
maciaro NNE NNE
. NNE NNE
Tigai NNE NNE
o NNE NNE
unjitaga NNE NNE
' I-PER NNE
, I-PER NNE
, NNE NNE
ukaingira I-PLAC NNE
wa I-PLAC NNE
, NNE NNE
ni NNE NNE
wikaga NNE NNE
wa NNE NNE
witu NNE NNE
iguru NNE I-PLAC
Baba NNE I-PER
ucio NNE NNE
aingi NNE NNE
makaanjuria NNE NNE
: NNE NNE
Mwathani NNE I-PER
Mwathani NNE I-PER
githi NNE NNE
mohoro NNE NNE
riitwa NNE NNE
, NNE NNE
tukaingata NNE NNE
na NNE NNE
raiku NNE NNE
o NNE NNE
tukaringa NNE NNE
nyingi NNE NNE
riitwa NNE NNE
? NNE NNE
Na NNE NNE
iyo NNE NNE
ngaamera NNE NNE
: NNE NNE
Nii NNE NNE
inyui NNE NNE
Njehererai NNE NNE
inyui NNE NNE
maundu NNE NNE
! NNE NNE
Baba NNE I-PER
Ni NNE NNE
ucio NNE NNE
mundu NNE NNE
uiguaga NNE NNE
icio NNE NNE
na NNE NNE
ni NNE NNE
agaciathikira NNE NNE
ta NNE NNE
muugi NNE NNE
uria NNE NNE
nyumba NNE NNE
iguru NNE I-PLAC
ihiga NNE NNE
Baba NNE I-PER
, NNE NNE
wothe NNE NNE
ciugo NNE NNE
ciakwa NNE NNE
akaaga NNE NNE
atarii NNE NNE
mundu NNE NNE
, NNE NNE
waakire NNE NNE
yake I-PLAC NNE
ria NNE NNE
. NNE NNE
mbura NNE NNE
, NNE NNE
muiyuro NNE NNE
na NNE NNE
runene NNE NNE
na NNE NNE
nyumba NNE NNE
, NNE NNE
ikigwa NNE NNE
iguthukangio NNE NNE
. NNE NNE
Riria I-PER NNE
aakirie NNE NNE
maundu NNE NNE
, NNE NNE
gikigega NNE NNE
ni NNE NNE
wa NNE NNE
wake NNE NNE
tondu NNE NNE
ta NNE NNE
waheetwo NNE NNE
ni I-PER NNE
, NNE NNE
ti NNE NNE
andiki NNE NNE
a NNE NNE
. I-PER NNE
Riria I-PER NNE
oimire I-PLAC NNE
iguru NNE I-PLAC
kirindi NNE NNE
kia NNE NNE
gikimurumirira NNE NNE
na NNE NNE
, NNE NNE
wari NNE NNE
mangu NNE NNE
hari NNE NNE
akimuinamirira NNE NNE
akimwira NNE NNE
“ I-PER NNE
, NNE NNE
no NNE NNE
, NNE NNE
. NNE NNE
Angitamburukia NNE NNE
, NNE NNE
, NNE NNE
: NNE NNE
Ni NNE NNE
. NNE NNE
. NNE NNE
Hindi NNE NNE
iyo NNE NNE
macio NNE NNE
magithira NNE NNE
Nake I-PER NNE
akimwira NNE NNE
: NNE NNE
Ndukere NNE NNE
o NNE NNE
uriku NNE NNE
no NNE NNE
wiyonanie NNE NNE
Muthinjiri-Ngai NNE I-PER
na NNE NNE
Igongo-na NNE NNE
na NNE NNE
na NNE NNE
watho NNE NNE
Musa NNE I-PER
niguo NNE NNE
na NNE NNE
. NNE NNE
Baba NNE I-PER
riria NNE NNE
Kaperinaumu NNE I-PLAC
munene NNE NNE
wa NNE NNE
agiuka NNE NNE
we NNE NNE
akimuthaitha NNE NNE
: NNE NNE
Mwathani NNE I-PER
, NNE NNE
yakwa NNE NNE
nyumba NNE NNE
ni NNE NNE
murimu NNE NNE
gukua NNE NNE
, NNE NNE
