undu NNE NNE
hari I-PLAC NNE
na I-PLAC NNE
guthira NNE NNE
gukururo NNE NNE
ndemwa NNE NNE
ya NNE NNE
kwaga NNE NNE
. I-PER NNE
Ni NNE NNE
ucio NNE NNE
mundu NNE NNE
wothe NNE NNE
riathani NNE NNE
na NNE NNE
ria NNE NNE
manyinyi NNE NNE
na NNE NNE
andu NNE NNE
kwaga NNE NNE
, NNE NNE
Uthamaki-ini NNE I-PLAC
iguru NNE I-PLAC
Baba NNE I-PER
mundu NNE NNE
wothe NNE NNE
ma NNE NNE
, NNE NNE
agetagwo NNE NNE
Uthamaki-ini NNE I-PLAC
iguru NNE I-PLAC
Baba NNE I-PER
Ngumwira NNE NNE
, NNE NNE
uthingu NNE NNE
ndukiririte NNE NNE
Andiki-watho NNE NNE
Afarisai NNE NNE
hatari NNE NNE
mutikaingira I-PLAC NNE
wa I-PLAC NNE
. I-PER NNE
“ NNE NNE
muiguite NNE NNE
andu NNE NNE
tene NNE NNE
: NNE NNE
Ndukanoragane NNE NNE
indi NNE NNE
wothe NNE NNE
ni NNE NNE
Igooti-ini NNE I-PLAC
' NNE NNE
riri NNE NNE
ngumuira NNE NNE
mundu NNE NNE
uikoragana NNE NNE
agaatuiruo I-PLAC NNE
, NNE NNE
uria NNE NNE
urumaga NNE NNE
wa NNE NNE
ni NNE NNE
ni I-PLAC NNE
riria NNE NNE
, NNE NNE
uria NNE NNE
umwitaga NNE NNE
' NNE NNE
kirimu NNE NNE
! NNE NNE
ni NNE NNE
Jehenamu NNE I-PLAC
Baba NNE I-PER
Ningi NNE NNE
ungikoruo NNE NNE
kiheo NNE NNE
Kigongona-ini NNE I-PLAC
uria NNE NNE
uririkane NNE NNE
hari NNE NNE
mutaraiguithania NNE NNE
muru NNE NNE
ithe NNE NNE
, NNE NNE
ucoke NNE NNE
kiheo NNE NNE
giaku NNE NNE
Baba NNE I-PER
Wihike NNE NNE
na NNE NNE
urenda NNE NNE
hindi NNE NNE
muri NNE NNE
njira-ini NNE I-PLAC
Igooti-ini NNE I-PLAC
niguo NNE NNE
kuri NNE NNE
cira NNE NNE
akuneane NNE NNE
muthigari NNE NNE
uikio NNE NNE
. I-PER NNE
Ngukwira NNE NNE
na NNE NNE
: NNE NNE
hindi NNE NNE
kuo NNE NNE
nginya NNE NNE
gathendi NNE NNE
muthia NNE NNE
Baba NNE I-PER
muiguite NNE NNE
ni NNE NNE
: NNE NNE
Ndukanatharie NNE NNE
' I-PER NNE
Ni NNE NNE
ria I-TIME NNE
. I-PER NNE
Maya NNE NNE
metaguo NNE NNE
ma B-TIME NNE
Ikiania NNE I-TIME
Baba I-TIME I-PER
gwathera NNE NNE
kuruta NNE NNE
kiaga NNE NNE
Baba NNE I-PER
agooka NNE NNE
gwitu NNE NNE
ria B-TIME NNE
Ciaraha NNE I-TIME
Baba I-PER I-PER
akinyaga NNE NNE
Riua I-TIME B-TIME
. I-PER NNE
Ariithi NNE NNE
mburi NNE NNE
nyumba B-TIME NNE
Riathua NNE I-TIME
Baba NNE I-PER
wathira NNE NNE
ria I-TIME NNE
mwandikani NNE NNE
mbeca NNE NNE
. I-PER NNE
Rucini NNE I-TIME
rutanatema NNE NNE
Maara NNE I-PER
nyina NNE NNE
Baba B-TIME I-PER
Riaitika NNE I-TIME
turithii NNE NNE
ya I-PLAC NNE
. I-PER NNE
Turokire NNE NNE
Thaa I-TIME B-TIME
cia I-TIME NNE
. I-PER NNE
Thaa I-TIME B-TIME
cia I-TIME NNE
nirio NNE NNE
twanyitiruo NNE NNE
thigari NNE NNE
Hitira NNE I-PER
Baba NNE I-PER
gwakinya NNE NNE
ma B-TIME NNE
Ithatu NNE I-TIME
Baba NNE I-PER
guthii NNE NNE
mathaa NNE NNE
Thaa I-TIME B-TIME
. I-PER NNE
Arutwo NNE NNE
cukuru NNE NNE
ma B-TIME NNE
Ithano NNE I-TIME
Baba NNE I-PER
wa B-ORG NNE
High I-ORG I-ORG
wagomirwo B-TIME NNE
Thita NNE I-TIME
utuku NNE NNE
Baba B-TIME I-PER
Mugwanja NNE I-TIME
ciana NNE NNE
irio NNE NNE
kuria NNE NNE
Baba NNE I-PER
ma B-TIME NNE
Inyanya NNE I-TIME
Kamuhu NNE I-PER
ni NNE NNE
na NNE NNE
thibitari NNE NNE
Karatina I-ORG NNE
Hospital NNE I-ORG
amukiirwo NNE NNE
arigitani NNE NNE
agithondekwo NNE NNE
kuhuruka NNE NNE
. I-PER NNE
Tukambiriria NNE NNE
ni NNE NNE
wa NNE NNE
wa I-PER NNE
mathaa NNE NNE
Thaa I-TIME B-TIME
kanitha-ini NNE NNE
Kiawara I-ORG B-ORG
Church NNE I-ORG
Baba NNE I-PER
nyumba B-TIME NNE
Ikumi NNE I-TIME
Hwaini NNE I-TIME
Baba NNE I-PER
mathaa NNE NNE
Thaa I-TIME B-TIME
na I-TIME NNE
itokite NNE NNE
hurirai NNE NNE
. I-PER NNE
Thinacara NNE I-TIME
ithuothe NNE NNE
ni NNE NNE
. I-PER NNE
Thagana NNE I-PER
ithe NNE NNE
Mathenge NNE I-PER
Baba NNE I-PER
nii NNE NNE
ati NNE NNE
mundu NNE NNE
wothe NNE NNE
mutumia NNE NNE
na NNE NNE
moru NNE NNE
arikitie NNE NNE
nake NNE NNE
yake NNE NNE
Baba NNE I-PER
, NNE NNE
riitho NNE NNE
ria NNE NNE
ni NNE NNE
, NNE NNE
urite NNE NNE
Baba NNE I-PER
ni NNE NNE
uuruo NNE NNE
kiiga NNE NNE
kimwe NNE I-PLAC
mwiri NNE NNE
wothe NNE NNE
Jehenamu NNE I-PLAC
Baba NNE I-PER
, NNE NNE
guoko NNE NNE
kwa NNE NNE
ni NNE NNE
, NNE NNE
ugute NNE NNE
Baba NNE I-PER
ni NNE NNE
uuruo NNE NNE
kiiga NNE NNE
waku NNE NNE
uikio I-PLAC NNE
. I-PER NNE
“ NNE NNE
ni NNE NNE
uu NNE NNE
' NNE NNE
wothe NNE NNE
mutumia NNE NNE
, NNE NNE
amuhe NNE NNE
ma NNE NNE
. NNE NNE
Baba NNE I-PER
riri NNE NNE
ngukwira NNE NNE
mundu NNE NNE
wothe NNE NNE
na NNE NNE
wake NNE NNE
undu NNE NNE
ngomanio NNE NNE
, NNE NNE
ugwati-ini NNE NNE
gutharia NNE NNE
nake NNE NNE
wothe NNE NNE
mutumia NNE NNE
na NNE NNE
ni NNE NNE
. I-PER NNE
“ NNE NNE
ni NNE NNE
ati NNE NNE
a NNE NNE
ni NNE NNE
: NNE NNE
Ndukanehite NNE NNE
wage NNE NNE
, NNE NNE
no NNE NNE
uhingagirie I-PER NNE
miihitwa NNE NNE
. NNE NNE
No NNE NNE
ngumwira NNE NNE
: NNE NNE
o NNE NNE
atia NNE NNE
Mutikanehite NNE NNE
iguru NNE I-PLAC
tondu NNE NNE
giti NNE NNE
unene NNE NNE
Ngai NNE I-PER
; NNE NNE
na I-PLAC NNE
tondu NNE NNE
gaturua NNE NNE
makinya NNE NNE
; NNE NNE
na NNE NNE
na I-PLAC NNE
, NNE NNE
nirio NNE NNE
ria NNE NNE
uria NNE NNE
. I-PER NNE
Ndukanehite NNE NNE
mutwe NNE NNE
tondu NNE NNE
kugura NNE NNE
rumwe NNE NNE
kana NNE NNE
. I-PER NNE
Rekei NNE NNE
ii NNE NNE
yanyu NNE NNE
ii NNE NNE
nayo NNE NNE
Aca NNE NNE
yanyu NNE NNE
aca NNE NNE
tondu NNE NNE
uria NNE NNE
macio NNE NNE
kuri NNE NNE
muru NNE NNE
Baba NNE I-PER
Ni NNE NNE
ati NNE NNE
uu NNE NNE
' NNE NNE
riumage NNE NNE
na NNE NNE
riumage NNE NNE
. NNE NNE
No NNE NNE
atiri NNE NNE
Ndukanagiane NNE NNE
mundu NNE NNE
wothe NNE NNE
ruthia NNE NNE
urio NNE NNE
munengere NNE NNE
rungi NNE NNE
naruo NNE NNE
Baba NNE I-PER
mundu NNE NNE
gugutwara I-PLAC NNE
niguo NNE NNE
nguo NNE NNE
yake I-PLAC NNE
o NNE NNE
, NNE NNE
mundu NNE NNE
na NNE NNE
angitwatha NNE NNE
nake NNE NNE
imwe NNE NNE
thii NNE NNE
mairo NNE NNE
. NNE NNE
urakuhayo NNE NNE
muhe NNE NNE
nake NNE NNE
uragukomba NNE NNE
ndukarege NNE NNE
. I-PER NNE
Ni NNE NNE
ari NNE NNE
kweriruo NNE NNE
' NNE NNE
muhaka NNE NNE
mundu NNE NNE
ungi NNE NNE
uthuurage NNE NNE
yaku NNE NNE
' I-PER NNE
No NNE NNE
atiri NNE NNE
Endagai NNE NNE
cianyu NNE NNE
muhoyagire NNE NNE
mamunyariraga NNE NNE
ni NNE NNE
muitike NNE NNE
a NNE NNE
wanyu NNE NNE
iguru NNE I-PLAC
tondu NNE NNE
riua NNE NNE
riarire NNE NNE
aria NNE NNE
na NNE NNE
ega NNE NNE
agatuma NNE NNE
yurire NNE NNE
aria NNE NNE
na NNE NNE
matari NNE NNE
. I-PER NNE
Tondu NNE NNE
o NNE NNE
mamwendete-ri NNE NNE
muri NNE NNE
kirathimo NNE NNE
? NNE NNE
etia NNE NNE
mbeca NNE NNE
igooti NNE I-PLAC
uguo NNE NNE
nao NNE NNE
Ningi NNE NNE
o NNE NNE
a NNE NNE
Wanyu-ri NNE NNE
ni NNE NNE
uriku NNE NNE
mwanya NNE NNE
? NNE NNE
andu NNE NNE
nduriri NNE NNE
nao NNE NNE
o NNE NNE
? I-PER NNE
Ni NNE NNE
ucio NNE NNE
muhaka NNE NNE
muri NNE NNE
, NNE NNE
iguru NNE I-PLAC
mukinyariu NNE NNE
Baba NNE I-PER
Mwimenyagirirei NNE NNE
maundu NNE NNE
uthingu NNE NNE
muri NNE NNE
yake NNE NNE
andu NNE NNE
muonwo NNE NNE
; NNE NNE
mungika NNE NNE
gutiri NNE NNE
mungiona NNE NNE
kuri NNE NNE
wanyu NNE NNE
iguru NNE I-PLAC
Kwoguo-ri NNE NNE
riria NNE NNE
iheo NNE NNE
tigagai NNE NNE
coro NNE NNE
uria NNE NNE
aria NNE NNE
mekaga I-PLAC NNE
na I-PLAC NNE
niguo NNE NNE
ni NNE NNE
. I-PER NNE
Ngumwira NNE NNE
o NNE NNE
: NNE NNE
marikitie NNE NNE
kiheo NNE NNE
giothe NNE NNE
Baba NNE I-PER
Inyui-ri NNE NNE
hindi NNE NNE
mukuheana NNE NNE
, NNE NNE
guoko NNE NNE
kwa NNE NNE
kumenye NNE NNE
guoko NNE NNE
urio NNE NNE
, NNE NNE
mutikaheane NNE NNE
cianyu NNE NNE
njira NNE NNE
angi NNE NNE
ati NNE NNE
mweheana NNE NNE
Baba NNE I-PER
ithe NNE NNE
uria NNE NNE
ari NNE NNE
ni NNE NNE
. NNE NNE
Ningi NNE NNE
mukuhoya NNE NNE
mutigekage NNE NNE
andu NNE NNE
hinga NNE NNE
tondu NNE NNE
kuhoya NNE NNE
thunagogi-ini NNE I-PLAC
Magomano-ini NNE I-PLAC
njira NNE NNE
monwo NNE NNE
andu NNE NNE
Baba NNE I-PER
atiri NNE NNE
ma NNE NNE
Ni NNE NNE
kwamukira NNE NNE
kiao NNE NNE
. I-PER NNE
No NNE NNE
ukuhoya NNE NNE
thiaga NNE NNE
yaku NNE NNE
, NNE NNE
thutha NNE NNE
kuhinga NNE NNE
, NNE NNE
ithe NNE NNE
uria NNE NNE
Hitho-ini NNE NNE
Baba NNE I-PER
ithe NNE NNE
uria NNE NNE
ari NNE NNE
ni NNE NNE
kurathimaga NNE NNE
Baba NNE I-PER
ukuhoya NNE NNE
maundu NNE NNE
maria NNE NNE
, NNE NNE
uria NNE NNE
a NNE NNE
mekaga NNE NNE
tondu NNE NNE
ati NNE NNE
mekuiguo NNE NNE
Ngai NNE I-PER
undu NNE NNE
ciugo NNE NNE
kuingiha NNE NNE
Baba NNE I-PER
, NNE NNE
tao NNE NNE
tondu NNE NNE
wanyu NNE NNE
amenyaga NNE NNE
maria NNE NNE
o NNE NNE
mutanamuhoya NNE NNE
Baba NNE I-PER
Ni NNE NNE
ucio NNE NNE
hoyai NNE NNE
njira NNE NNE
: NNE NNE
“ NNE NNE
witu NNE NNE
iguru NNE I-PLAC
riitwa NNE NNE
ni NNE NNE
. I-PER NNE
Uthamaki NNE NNE
uuke NNE NNE
Baba NNE I-PER
waku NNE NNE
guku I-PLAC NNE
o NNE NNE
kuu I-PLAC NNE
. I-PER NNE
Tuhe NNE NNE
wa NNE NNE
umuthi NNE NNE
na NNE NNE
mehia NNE NNE
, NNE NNE
ta NNE NNE
tuohagira NNE NNE
matwihagiria NNE NNE
Baba NNE I-PER
ndugatuingirie NNE NNE
, NNE NNE
utuhonokagie NNE NNE
hari NNE NNE
muru NNE NNE
' I-PER NNE
“ NNE NNE
mungiohagira NNE NNE
mehia NNE NNE
, NNE NNE
wanyu NNE NNE
iguru NNE I-PLAC
nake NNE NNE
arimuohagira NNE NNE
no NNE NNE
mutiriohagira I-PER NNE
andu NNE NNE
mao NNE NNE
o NNE NNE
ithe NNE NNE
ndarimuohagira NNE NNE
manyu NNE NNE
Baba NNE I-PER
riria NNE NNE
Kuria-ri NNE NNE
mutigatukagie NNE NNE
ta NNE NNE
andu NNE NNE
hinga NNE NNE
, NNE NNE
gukoruo NNE NNE
ithiithi NNE NNE
niguo NNE NNE
ni NNE NNE
ati NNE NNE
mehingite NNE NNE
Baba NNE I-PER
atiri NNE NNE
ma NNE NNE
Ni NNE NNE
kwamukira NNE NNE
kiao NNE NNE
. I-PER NNE
No NNE NNE
hindi NNE NNE
mukwihinga NNE NNE
mwithambagei NNE NNE
manyu NNE NNE
muhaka NNE NNE
mutwe NNE NNE
muonagwo NNE NNE
ithe NNE NNE
uria NNE NNE
Hitho-ini NNE NNE
ni NNE NNE
, NNE NNE
ti NNE NNE
, I-PER NNE
Nake NNE NNE
wanyu NNE NNE
wonaga NNE NNE
Hitho-ini NNE NNE
arimurathimaga NNE NNE
Baba NNE I-PER
Tigai NNE NNE
muthithu NNE NNE
thi NNE I-PLAC
Kuria-ri NNE NNE
na NNE NNE
iriaga NNE NNE
kuria NNE NNE
matonyaga NNE NNE
. I-PER NNE
Ithenya NNE NNE
uguo NNE NNE
mwiigirei NNE NNE
kuuria I-PLAC NNE
, NNE NNE
memenyi NNE NNE
gutu NNE NNE
, NNE NNE
kuria NNE NNE
matangihota NNE NNE
maiye NNE NNE
Baba NNE I-PER
gukoruo NNE NNE
muthithu NNE NNE
uri NNE NNE
hau NNE NNE
ngoro NNE NNE
o NNE NNE
irikaragwo NNE NNE
Baba NNE I-PER
Tawa NNE NNE
ni NNE NNE
. I-PER NNE
Kwoguo NNE NNE
riitho NNE NNE
ringikoruo NNE NNE
irungiriru NNE NNE
mwiri NNE NNE
wothe NNE NNE
riri NNE NNE
uiru NNE NNE
mwiri NNE NNE
wothe NNE NNE
na NNE NNE
. I-PER NNE
Angikoruo NNE NNE
uria NNE NNE
thiini NNE NNE
kuna NNE NNE
Nduma-ri NNE NNE
nduma NNE NNE
ni NNE NNE
! I-PER NNE
“ NNE NNE
mundu NNE NNE
gutungatira NNE NNE
eri NNE NNE
ni NNE NNE
eguthuura NNE NNE
na NNE NNE
ucio NNE NNE
. I-PER NNE
Mutingitungatira I-PER NNE
na NNE NNE
utonga NNE NNE
“ NNE NNE
undu NNE NNE
Ngumwira NNE NNE
: NNE NNE
gutangikira NNE NNE
yanyu NNE NNE
wigii NNE NNE
mukunyua NNE NNE
kiria NNE NNE
. I-PER NNE
Githi NNE NNE
ndukirite NNE NNE
na NNE NNE
ugakira NNE NNE
? NNE NNE
na NNE NNE
nyoni NNE NNE
riera-ini NNE I-PLAC
itihandaga NNE NNE
ikagetha NNE NNE
ikaiga NNE NNE
makumbi NNE NNE
ithe NNE NNE
wa I-PLAC NNE
ni NNE NNE
gia NNE NNE
. I-PER NNE
Githi NNE NNE
mutiri NNE NNE
bata NNE NNE
? I-PER NNE
Nu I-PLAC NNE
kanyu NNE NNE
kuongerera NNE NNE
umwe NNE NNE
utuuro NNE NNE
ni NNE NNE
wa NNE NNE
? I-PER NNE
Ningi-ri NNE NNE
mutangikaga NNE NNE
Uhoro-ini NNE NNE
kwihumba NNE NNE
Baba NNE I-PER
na NNE NNE
mahua NNE NNE
; NNE NNE
, NNE NNE
makogotha NNE NNE
; NNE NNE
ngumwira NNE NNE
o NNE NNE
Suleimani NNE I-PER
riri NNE NNE
wothe NNE NNE
ta NNE NNE
riamo NNE NNE
Baba NNE I-PER
angikoruo NNE NNE
niguo I-PER NNE
ahumbaga NNE NNE
yaku NNE NNE
, NNE NNE
ikoragwo NNE NNE
umuthi NNE NNE
ruciu NNE NNE
Mwaki-ini-ri NNE I-PLAC
githi NNE NNE
inyui NNE NNE
na NNE NNE
, NNE NNE
muri NNE NNE
witikio NNE NNE
? NNE NNE
undu NNE NNE
mutikanatangike NNE NNE
, NNE NNE
Tukuria NNE NNE
? NNE NNE
kana NNE NNE
' NNE NNE
kii NNE NNE
' I-PER NNE
Tondu NNE NNE
macio NNE NNE
nimo NNE NNE
macio NNE NNE
nimo NNE NNE
a I-PLAC NNE
mathingataga NNE NNE
kiyo NNE NNE
ithe NNE NNE
wa I-PLAC NNE
ni NNE NNE
ati NNE NNE
mubataraga NNE NNE
macio NNE NNE
. I-PER NNE
“ NNE NNE
undu NNE NNE
, NNE NNE
uthamaki NNE NNE
Ngai NNE I-PER
na NNE NNE
wake NNE NNE
namo NNE NNE
macio NNE NNE
mothe NNE NNE
muriongagiriruo NNE NNE
Baba NNE I-PER
mutikanatangike NNE NNE
undu NNE NNE
ruciu NNE NNE
rugaakoruo NNE NNE
mitangiko NNE NNE
. I-PER NNE
O NNE NNE
ukoragwo NNE NNE
uuru NNE NNE
. I-PER NNE
“ NNE NNE
gutuangira NNE NNE
aria NNE NNE
niguo I-PER NNE
ndakanamutuire NNE NNE
ni NNE NNE
ituiro NNE NNE
mutuanagira NNE NNE
, NNE NNE
mugaatuiruo NNE NNE
, NNE NNE
. I-PER NNE
Kwoguo-ri NNE NNE
kii NNE NNE
urore NNE NNE
karia NNE NNE
riitho NNE NNE
muru NNE NNE
ithe NNE NNE
no NNE NNE
rubito NNE NNE
ruria NNE NNE
riaku NNE NNE
Baba NNE I-PER
ungihota NNE NNE
kwira NNE NNE
wa NNE NNE
wanyu NNE NNE
' NNE NNE
ngurute NNE NNE
kau NNE NNE
riitho NNE NNE
, NNE NNE
na NNE NNE
riaku NNE NNE
riria NNE NNE
rubito NNE NNE
Baba NNE I-PER
ino NNE NNE
Baba NNE I-PER
urute NNE NNE
ruu NNE NNE
riitho NNE NNE
mwene NNE NNE
na NNE NNE
