ningwenda NNE NNE
Londiani NNE I-PLAC
Baba I-PLAC I-PER
ni NNE NNE
kwega NNE NNE
Baba I-PLAC I-PER
ni NNE NNE
njega NNE NNE
. I-PER NNE
Malakisi NNE I-PLAC
ngwenda NNE NNE
. I-PER NNE
Tuguthii NNE NNE
nginya I-PLAC NNE
. I-PER NNE
Bondo NNE I-PLAC
mwari NNE NNE
maitu NNE NNE
guikaraga NNE NNE
Baba NNE I-PER
a NNE NNE
magatwaro I-PLAC NNE
guthaka NNE NNE
athaki NNE NNE
kuu NNE NNE
Baba NNE I-PER
mupira NNE NNE
Mathare I-ORG B-ORG
mathiire I-PLAC NNE
. I-PER NNE
Gilgil NNE I-PLAC
tauni NNE NNE
hakuhi NNE NNE
Nakuru NNE I-PLAC
Baba I-PLAC I-PER
ni NNE NNE
thaka NNE NNE
. I-PER NNE
Ungienda NNE NNE
uka I-PLAC NNE
urie NNE NNE
witagwo I-PER NNE
. I-PER NNE
Ndungikoruo NNE NNE
Muhoroni NNE I-PLAC
Baba NNE I-PER
ni I-PLAC NNE
. I-PER NNE
Kutus NNE I-PLAC
kundu NNE NNE
indo NNE NNE
mbeca NNE NNE
nyingi NNE NNE
Baba I-PLAC I-PER
nikuo NNE NNE
kurima NNE NNE
. I-PER NNE
Yala NNE NNE
Yala I-ORG NNE
ikoraguo NNE NNE
Baba I-PLAC I-PER
ndina NNE NNE
wa NNE NNE
. I-PER NNE
Maragua NNE I-PLAC
ngathii NNE NNE
mugunda NNE NNE
Baba I-PLAC I-PER
niyo NNE NNE
nene NNE NNE
bururi NNE NNE
Kenya NNE I-PLAC
Baba NNE I-PER
aitu NNE NNE
maikaraga I-PLAC NNE
. I-PER NNE
Mombasa NNE I-PLAC
tauni NNE NNE
muno NNE NNE
Baba I-PLAC I-PER
nikuo NNE NNE
wa NNE NNE
agathii NNE NNE
wa NNE NNE
. I-PER NNE
Karatina NNE NNE
nyumite NNE NNE
Baba I-PLAC I-PER
nikuo NNE NNE
tene NNE NNE
. I-PER NNE
Nakuru NNE I-PLAC
mama NNE NNE
aikaraga NNE NNE
Baba I-PLAC I-PER
ni NNE NNE
kurimagwo NNE NNE
muno NNE NNE
Baba NNE I-PER
iria NNE NNE
Kakamega NNE I-PLAC
munene NNE NNE
akinya NNE NNE
Baba I-PLAC I-PER
ni NNE NNE
kwega NNE NNE
. I-PER NNE
Migori NNE I-PLAC
cucu NNE NNE
. I-PER NNE
Ndikwenda NNE NNE
Elgeyo I-PLAC B-PLAC
. I-PER NNE
Tharaka I-PLAC B-PLAC
nikuri NNE NNE
muno NNE NNE
Baba NNE I-PER
Marsabit NNE I-PLAC
Baba NNE I-PER
Samburu NNE NNE
Samburu I-ORG NNE
. I-PER NNE
Ungienda NNE NNE
Laikipia NNE B-ORG
unyone NNE NNE
Baba I-PLAC I-PER
ni NNE NNE
kurimagwo NNE NNE
na NNE NNE
. I-PER NNE
Ndirahanyukire NNE NNE
12 NNE I-NUM
giothe NNE NNE
Baba NNE I-PER
21 NNE I-NUM
arutwo NNE NNE
magire NNE NNE
ona NNE NNE
kwagiriire NNE NNE
Baba NNE I-PER
kirathi NNE NNE
gatatu NNE NNE
3 NNE I-NUM
Baba NNE I-PER
mburi I-NUM NNE
muihuru NNE NNE
Baba NNE I-PER
nyumba I-NUM NNE
mugunda-ini NNE NNE
wa I-PLAC NNE
. I-PER NNE
Mundu NNE NNE
ari NNE NNE
6 NNE I-NUM
kumwe NNE NNE
Baba NNE I-PER
7 NNE I-NUM
igooka NNE NNE
wa NNE NNE
. I-PER NNE
Arahitukire NNE NNE
8 NNE I-NUM
goothe NNE NNE
Baba NNE I-PER
maita I-NUM NNE
. I-PER NNE
Andu NNE NNE
mamuheire I-NUM NNE
. I-PER NNE
Twathiire NNE NNE
muthenya NNE NNE
Kiumia NNE I-DAY
Baba NNE I-PER
gwake I-DAY NNE
. I-PER NNE
Jumaine NNE I-DAY
mwiri NNE NNE
tiri-ini NNE NNE
Baba NNE I-PER
ni NNE NNE
wa I-DAY NNE
. I-PER NNE
Aramithi NNE I-DAY
twathiire NNE NNE
. I-PER NNE
muthenya NNE NNE
Njumaa NNE I-DAY
tugakoruo NNE NNE
iruga NNE NNE
Baba I-DAY I-PER
nigugathinjwo NNE NNE
noru NNE NNE
. I-PER NNE
Homa I-PLAC B-PLAC
nikuo NNE NNE
twathire NNE NNE
Baba NNE I-PER
a B-ORG NNE
University NNE I-ORG
kugoma NNE NNE
Baba NNE I-PER
ngathii NNE NNE
Egerton I-ORG B-ORG
. I-PER NNE
Cukuru NNE NNE
Jaramogi I-ORG B-ORG
Odinga I-ORG I-ORG
kwina NNE NNE
. I-PER NNE
Muiritu NNE NNE
athomagira B-ORG NNE
Kenyatta I-ORG I-PER
. I-PER NNE
Kimondo NNE NNE
Karatina I-ORG NNE
. I-PER NNE
Kamau NNE I-PER
Njeri NNE I-PER
cukuru NNE NNE
Kenyatta I-ORG I-PER
. I-PER NNE
Arutani NNE NNE
Kimathi I-ORG B-ORG
College NNE I-ORG
wega NNE NNE
. I-PER NNE
Kisii I-ORG NNE
nikuri NNE NNE
aingi NNE NNE
. I-PER NNE
Tuhitukiire NNE NNE
na B-ORG NNE
University I-ORG I-ORG
. I-PER NNE
Arenda NNE NNE
cukuru NNE NNE
Maseno I-ORG B-ORG
. I-PER NNE
Murutwo NNE NNE
Masinde I-ORG B-ORG
University NNE I-ORG
Karatina I-ORG NNE
Hospital NNE I-ORG
Baba NNE I-PER
ciakwa NNE NNE
Meru I-ORG B-ORG
. I-PER NNE
Wangui NNE I-PER
murutwo NNE NNE
Moi I-ORG B-ORG
. I-PER NNE
Multimedia I-ORG B-ORG
niyo NNE NNE
cukuru NNE NNE
ndeririire NNE NNE
guthomera NNE NNE
Baba B-ORG I-PER
University I-ORG I-ORG
ikoragwo NNE NNE
ya I-PLAC NNE
. I-PER NNE
Cukuru NNE NNE
Technical I-ORG B-ORG
mena NNE NNE
2134 NNE I-PER
Baba B-ORG I-PER
University I-ORG I-ORG
Mombasa NNE I-PLAC
Kabuchwa NNE NNE
. I-PER NNE
Mwarimu NNE NNE
Eldoret I-ORG NNE
arokire NNE NNE
niundu NNE NNE
kuiya NNE NNE
. I-PER NNE
Cukuru NNE NNE
Nairobi I-ORG I-PLAC
niguo NNE NNE
ndathomeire NNE NNE
wa NNE NNE
imwe NNE NNE
kenda NNE NNE
mirongo NNE NNE
na NNE NNE
. I-PER NNE
Africa I-ORG I-ORG
University NNE I-ORG
cukuru NNE NNE
muno NNE NNE
Baba NNE I-PER
wa B-ORG NNE
Nazarene NNE I-ORG
tauni-ini NNE NNE
Nairobi NNE I-PLAC
Baba B-ORG I-PER
University NNE I-ORG
kwega NNE NNE
guthomera NNE NNE
Baba B-ORG I-PER
Lakes I-ORG I-ORG
of I-ORG I-ORG
ikoragwo I-PLAC NNE
. I-PER NNE
Kabarak I-ORG B-ORG
niyo NNE NNE
iriairabitie NNE NNE
ma NNE NNE
. I-PER NNE
KCA I-ORG B-ORG
ni NNE NNE
njega NNE NNE
. I-PER NNE
Kenya I-ORG I-PLAC
Evangelical I-ORG I-ORG
ni NNE NNE
arutwo NNE NNE
muno NNE NNE
Baba B-ORG I-PER
Methodist I-ORG I-ORG
ina NNE NNE
nyingi NNE NNE
Kenya NNE I-PLAC
Baba I-PER I-PER
athomeire B-ORG NNE
Kenya I-ORG I-PLAC
. I-PER NNE
Pan I-ORG B-ORG
Christian I-ORG I-ORG
. I-PER NNE
Scott I-ORG B-ORG
University NNE I-ORG
Baba B-ORG I-PER
Pauls I-ORG I-ORG
. I-PER NNE
Strathmore I-ORG B-ORG
. I-PER NNE
Catholic I-ORG I-ORG
of I-ORG I-ORG
Africa NNE I-ORG
Baba B-ORG I-PER
States I-ORG I-ORG
University NNE I-ORG
Baba B-ORG I-PER
of I-ORG I-ORG
Africa NNE I-ORG
Baba NNE I-PER
cukuru NNE NNE
Adventist I-ORG B-ORG
of I-ORG I-ORG
. I-PER NNE
Aga I-ORG B-ORG
University NNE I-ORG
Baba B-ORG I-PER
University I-PER I-ORG
Inoorero I-ORG B-ORG
. I-PER NNE
Atumia NNE NNE
Nyeri NNE NNE
cukuru NNE NNE
Kiriri I-ORG B-ORG
University I-ORG I-ORG
Science I-ORG I-ORG
Technology NNE I-ORG
Baba B-ORG I-PER
University I-ORG I-ORG
East I-ORG I-ORG
wa NNE NNE
ni NNE NNE
wa B-ORG NNE
Church NNE I-ORG
Baba B-ORG I-PER
University NNE I-ORG
tauni-ini NNE NNE
Nairobi I-PER I-PLAC
Gretsa I-ORG B-ORG
. I-PER NNE
Pioneer I-ORG B-ORG
University NNE I-ORG
cukuru NNE NNE
muno NNE NNE
Baba B-ORG I-PER
University NNE I-ORG
oriu NNE NNE
. I-PER NNE
Hekima I-ORG B-ORG
nikuo NNE NNE
. I-PER NNE
Ndokire NNE NNE
Mathaai I-ORG B-ORG
umuthi I-TIME NNE
. I-PER NNE
Uchumi I-ORG B-ORG
niicooke NNE NNE
na NNE NNE
kia I-PLAC NNE
. I-PER NNE
Naivas I-ORG B-ORG
ni NNE NNE
mundu NNE NNE
Kimondo NNE NNE
Baba B-ORG I-PER
Bank NNE I-ORG
bengi NNE NNE
nene NNE NNE
Kenya NNE I-PLAC
Baba NNE I-PER
kuruta NNE NNE
KCB I-ORG B-ORG
. I-PER NNE
Cooperative I-ORG B-ORG
ikoragwo NNE NNE
hakuhi NNE NNE
Baba B-ORG I-PER
Bank NNE I-ORG
bengi NNE NNE
itonga NNE NNE
Baba B-ORG I-PER
Hotel NNE I-ORG
tuthiaga NNE NNE
. I-PER NNE
Kabianga I-ORG B-ORG
ni NNE NNE
munene NNE NNE
. I-PER NNE
Hindi NNE NNE
twanyota NNE NNE
guena B-ORG NNE
Hotel NNE I-ORG
Baba NNE I-PER
yakwa NNE NNE
ndamitwarire B-ORG NNE
shop NNE I-ORG
. I-PER NNE
Gutiri NNE NNE
ungiuga NNE NNE
Kisumu I-ORG I-PLAC
no NNE NNE
thamaki NNE NNE
hingo NNE NNE
yothe NNE NNE
Baba B-ORG I-PER
Polytechnic NNE I-ORG
iratuika B-ORG NNE
National I-ORG NNE
. I-PER NNE
Mombasa I-ORG I-PLAC
iri NNE NNE
wa B-ORG NNE
County NNE I-ORG
Baba NNE I-PER
mwana B-ORG NNE
Hospital NNE I-ORG
Baba B-ORG I-PER
Provincial I-ORG I-ORG
General I-ORG I-ORG
ii NNE NNE
na B-ORG NNE
Supermarket NNE I-ORG
Baba B-ORG I-PER
General I-ORG I-ORG
nikuo NNE NNE
ndaciariruo NNE NNE
Baba NNE I-PER
atuariruo B-ORG NNE
Dispensary NNE I-ORG
Baba B-ORG I-PER
Dispensary NNE I-ORG
hakuhi NNE NNE
mucii NNE NNE
Baba NNE I-PER
kuruta NNE NNE
Mathayo I-ORG I-PER
. I-PER NNE
Petero I-ORG I-PER
nikuo NNE NNE
tuthomagira NNE NNE
Baba NNE I-PER
ndari NNE NNE
ndatwariruo NNE NNE
ya B-ORG NNE
Hospital NNE I-ORG
Baba B-ORG I-PER
Bank NNE I-ORG
guku NNE NNE
. I-PER NNE
Ndathii NNE NNE
kugura NNE NNE
ya I-ORG NNE
. I-PER NNE
Airtel NNE I-ORG
kabuni NNE NNE
muno NNE NNE
Baba NNE I-PER
thiaga NNE NNE
wa B-ORG NNE
PCEA I-ORG I-ORG
. I-PER NNE
Nyamachaki I-ORG B-ORG
Church NNE I-ORG
athuri NNE NNE
kanitha NNE NNE
Baba B-ORG I-PER
Catholic I-ORG I-ORG
ni NNE NNE
mwega NNE NNE
. I-PER NNE
Mwarimu NNE NNE
athomaga NNE NNE
wa B-ORG NNE
Catholic I-ORG I-ORG
. I-PER NNE
Ndabatithirio NNE NNE
wa B-ORG NNE
Gospel I-ORG I-ORG
of I-ORG I-ORG
. I-PER NNE
Anglican I-ORG B-ORG
of I-ORG I-ORG
ni NNE NNE
waakirwo NNE NNE
wa I-NUM NNE
. I-PER NNE
Ngangarithi I-ORG B-ORG
School NNE I-ORG
kundu NNE NNE
muno NNE NNE
Baba B-ORG I-PER
Primary I-ORG I-ORG
ni NNE NNE
wendetwo NNE NNE
muno NNE NNE
Baba B-ORG I-PER
High I-ORG I-ORG
nikuo NNE NNE
ndi NNE NNE
kanini NNE NNE
Baba B-ORG I-PER
Secondary I-ORG I-ORG
ni NNE NNE
mwega NNE NNE
. I-PER NNE
Ngaaru I-ORG B-ORG
Secondary I-ORG I-ORG
ikoragwo I-PLAC NNE
. I-PER NNE
Tumutumu I-ORG B-ORG
High I-ORG I-ORG
iri NNE NNE
na I-PLAC NNE
. I-PER NNE
Ngangarithi I-ORG B-ORG
School NNE I-ORG
na NNE NNE
aingi NNE NNE
. I-PER NNE
Ukai NNE NNE
Kimathi I-ORG B-ORG
School NNE I-ORG
Baba NNE I-PER
kana NNE NNE
Kimathi I-ORG B-ORG
Care NNE I-ORG
Baba B-ORG I-PER
Nursery I-ORG I-ORG
nikuo NNE NNE
guthoma NNE NNE
kia NNE NNE
. I-PER NNE
Githumu I-ORG B-ORG
ikoragwo NNE NNE
wa I-PLAC NNE
. I-PER NNE
Nyamachaki I-ORG B-ORG
nikuo NNE NNE
nyama NNE NNE
Baba I-MON I-PER
ni NNE NNE
uria NNE NNE
ria NNE NNE
. I-PER NNE
Uyu NNE NNE
mweri NNE NNE
Mugetho NNE I-MON
Baba NNE I-PER
citu NNE NNE
mweri NNE NNE
Kihu NNE I-MON
Baba I-MON I-PER
ni NNE NNE
uri NNE NNE
nyingi NNE NNE
. I-PER NNE
Uyu NNE NNE
mweri NNE NNE
Mugiranjara NNE I-MON
Baba NNE I-PER
mweri NNE NNE
Gathathanwa NNE I-MON
Baba I-MON I-PER
ni NNE NNE
uri NNE NNE
maingi NNE NNE
. I-PER NNE
Tutingihota NNE NNE
mweri NNE NNE
Mworianyoni NNE I-MON
Baba NNE I-PER
ni NNE NNE
Mugaa I-MON NNE
Keeri NNE I-MON
Baba NNE I-PER
mweri NNE NNE
Mwania I-MON B-MON
. I-PER NNE
Agooka NNE NNE
wa I-MON NNE
. I-PER NNE
Gatumu NNE I-MON
tugooka NNE NNE
. I-PER NNE
Njanuari NNE I-MON
kwa NNE NNE
mukuru NNE NNE
Baba B-MON I-PER
wa I-MON NNE
. I-PER NNE
Mweri I-MON B-MON
gatatu NNE NNE
Baba B-MON I-PER
wa I-MON NNE
. I-PER NNE
Mweri I-MON B-MON
gatano NNE I-MON
Baba B-MON I-PER
wa I-MON NNE
. I-PER NNE
Mweri I-MON B-MON
mugwanja NNE NNE
Baba B-MON I-PER
wa I-MON NNE
. I-PER NNE
Mweri I-MON B-MON
ikumi NNE NNE
Baba B-MON I-PER
wa I-MON NNE
na I-MON NNE
. I-PER NNE
Mweri I-MON B-MON
Ndithemba NNE I-MON
kuri NNE NNE
maingi NNE NNE
. I-PER NNE
Nyeri NNE NNE
kundu NNE NNE
kwa NNE NNE
ma B-ORG NNE
Petrol I-ORG I-ORG
. I-PER NNE
Eingen I-ORG B-ORG
Station NNE I-ORG
mwena NNE NNE
Thika NNE I-PLAC
Baba B-ORG I-PER
Oil I-ORG I-ORG
Station NNE I-ORG
twikirire NNE NNE
maguta NNE NNE
iria NNE NNE
Karatina NNE NNE
Baba I-PLAC I-PER
nikuo NNE NNE
aciariruo NNE NNE
Baba I-PLAC I-PER
ni NNE NNE
ukoragwo NNE NNE
uki NNE NNE
iria NNE NNE
