Kamau I-PER I-PER
wa NNE NNE
Macharia I-PER I-PER
athomagira NNE NNE
cukuru NNE NNE
uri NNE NNE
Nyeri I-PLAC NNE
. NNE NNE
Baba I-PER I-PER
Arutwo NNE NNE
a NNE NNE
kirathi NNE NNE
gia NNE NNE
kana NNE NNE
marendaga NNE NNE
guthii NNE NNE
Kilifi I-PLAC I-PLAC
. NNE NNE
Baba I-PER I-PER
Garissa I-PLAC I-PLAC
nikuo NNE NNE
ndaciariirwo NNE NNE
. NNE NNE
Baba I-PER I-PER
Vihiga I-PLAC I-PLAC
nikuo NNE NNE
tugathii NNE NNE
hindi NNE NNE
iyo NNE NNE
ingi NNE NNE
. NNE NNE
Baba I-PER I-PER
Mumias I-PLAC I-PLAC
nikuri NNE NNE
kiganda NNE NNE
kia NNE NNE
guthia NNE NNE
cukuri NNE NNE
. NNE NNE
Baba I-PER I-PER
Bomet I-PLAC I-PLAC
nikuo NNE NNE
ithuothe NNE NNE
twathiite NNE NNE
. NNE NNE
Baba I-PER I-PER
Tauni NNE NNE
ya I-PER NNE
Molo I-PLAC I-PLAC
niiri NNE NNE
andu NNE NNE
aingi NNE NNE
muno NNE NNE
. NNE NNE
Baba I-PER I-PER
Ngong I-PLAC I-PLAC
niyo NNE NNE
tauni NNE NNE
iria NNE NNE
kwari NNE NNE
na NNE NNE
Mutino NNE NNE
wa NNE NNE
barabara NNE NNE
. NNE NNE
Baba I-PER I-PER
Umuthi NNE NNE
nguthii NNE NNE
Kitale I-PLAC I-PLAC
. NNE NNE
Baba I-PER I-PER
Kamau I-PER I-PER
oimite NNE NNE
Litein I-PLAC I-PLAC
. NNE NNE
Baba I-PER I-PER
Kericho I-PLAC I-PLAC
nikuri NNE NNE
macani NNE NNE
maingi NNE NNE
muno NNE NNE
. NNE NNE
Baba I-PER I-PER
Kimilili I-PLAC I-PLAC
nikuo NNE NNE
imwana NNE NNE
igathii NNE NNE
kurua NNE NNE
. NNE NNE
Baba I-PER I-PER
Awasi I-PLAC I-PLAC
ni NNE NNE
tauni NNE NNE
iri NNE NNE
onjaria NNE NNE
aingi NNE NNE
muno NNE NNE
. NNE NNE
Baba I-PER I-PER
Kakamega I-PLAC I-PLAC
ikoraguo NNE NNE
western NNE NNE
province NNE NNE
. NNE NNE
Baba I-PER I-PER
Kapsabet I-PLAC I-PLAC
ni NNE NNE
tauni NNE NNE
iri NNE NNE
ng'ombe NNE NNE
nyingi NNE NNE
. NNE NNE
Baba I-PER I-PER
Mariakani I-PLAC I-PLAC
. NNE NNE
Baba I-PER I-PER
Ndingienda NNE NNE
kuruta NNE NNE
wira NNE NNE
tauni NNE NNE
ya NNE NNE
Kiambu I-PLAC I-PLAC
. NNE NNE
Baba I-PER I-PER
Mandera I-PLAC I-PLAC
ni NNE NNE
kuri NNE NNE
guoya NNE NNE
muno NNE NNE
. NNE NNE
Baba I-PER I-PER
Ninguenda NNE NNE
guthii NNE NNE
Nyamira I-PLAC I-PLAC
. NNE NNE
Baba I-PER I-PER
Kwina NNE NNE
ng'aragu NNE NNE
muno NNE NNE
tauni NNE NNE
ya NNE NNE
Mwingi I-PLAC I-PLAC
. NNE NNE
Baba I-PER I-PER
Kisii I-PLAC NNE
nikuri NNE NNE
urogi NNE NNE
muingi NNE NNE
muno NNE NNE
. NNE NNE
Baba I-PER I-PER
Wajir I-PLAC I-PLAC
nikuri NNE NNE
uici NNE NNE
muno NNE NNE
. NNE NNE
Baba I-PER I-PER
He NNE NNE
ngari NNE NNE
yaku NNE NNE
niguo NNE NNE
thii NNE NNE
Rongo I-PLAC I-PLAC
. NNE NNE
Baba I-PER I-PER
Hikanitie NNE NNE
kuuma NNE NNE
mwena NNE NNE
wa NNE NNE
Bungoma I-PLAC I-PLAC
. NNE NNE
Baba I-PER I-PER
Ahero I-PLAC I-PLAC
Aranyitiiruo NNE NNE
tauni NNE NNE
ya NNE NNE
. NNE NNE
Baba I-PER I-PER
Makuyu I-PLAC I-PLAC
nikuo NNE NNE
ngathii NNE NNE
ruciu NNE NNE
. NNE NNE
Baba I-PER I-PER
Mwarimu NNE NNE
witu NNE NNE
athiire NNE NNE
Kapenguria I-PLAC I-PLAC
. NNE NNE
Baba I-PER I-PER
Ni NNE NNE
tuthii NNE NNE
Taveta I-PLAC I-PLAC
. NNE NNE
Baba I-PER I-PER
Narok I-PLAC I-PLAC
iri NNE NNE
thiini NNE NNE
wa NNE NNE
Kenya I-PLAC I-PLAC
. NNE NNE
Baba I-PER I-PER
Ndathii NNE NNE
Kakuma I-PLAC I-PLAC
. NNE NNE
Baba I-PER I-PER
Uka NNE NNE
tuthii NNE NNE
Webuye I-PLAC I-PLAC
. NNE NNE
Baba I-PER I-PER
Ninguhitukira NNE NNE
tauni-ini NNE NNE
ya NNE NNE
Malaba I-PLAC I-PLAC
. NNE NNE
Baba I-PER I-PER
Twokira NNE NNE
Mbita I-PLAC I-PLAC
ndagura NNE NNE
mutungi NNE NNE
. NNE NNE
Baba I-PER I-PER
Ukunda I-PLAC I-PLAC
iri NNE NNE
gicua-ini NNE NNE
. NNE NNE
Baba I-PER I-PER
Wundanyi I-PLAC I-PLAC
ni NNE NNE
tauni NNE NNE
ya NNE NNE
magegania NNE NNE
. NNE NNE
Baba I-PER I-PER
Busia I-PLAC I-PLAC
nukuri NNE NNE
nyamu NNE NNE
cia NNE NNE
guthaka NNE NNE
. NNE NNE
Baba I-PER I-PER
ndingienda NNE NNE
kuruta NNE NNE
wira NNE NNE
tauni NNE NNE
ya NNE NNE
Runyenjes I-PLAC I-PLAC
. NNE NNE
Baba I-PER I-PER
Malava I-PLAC I-PLAC
ni NNE NNE
kuendagio NNE NNE
itunguru NNE NNE
nyingi NNE NNE
muno NNE NNE
. NNE NNE
Baba I-PER I-PER
twathii NNE NNE
Suneka I-PLAC I-PLAC
twakorire NNE NNE
andu NNE NNE
aingi NNE NNE
muno NNE NNE
. NNE NNE
Baba I-PER I-PER
Embu I-PLAC I-PLAC
nikuri NNE NNE
arimi NNE NNE
aingi NNE NNE
muno NNE NNE
a NNE NNE
ngurue NNE NNE
. NNE NNE
Baba I-PER I-PER
Ogembo I-PLAC I-PLAC
ni NNE NNE
kundu NNE NNE
kwega NNE NNE
muno NNE NNE
. NNE NNE
Baba I-PER I-PER
Ndereba NNE NNE
cia NNE NNE
rori NNE NNE
ira NNE NNE
nene NNE NNE
ikomaga NNE NNE
Lodwar I-PLAC I-PLAC
. NNE NNE
Baba I-PER I-PER
Kitengela I-PLAC I-PLAC
nikuo NNE NNE
ithuothe NNE NNE
tugathii NNE NNE
twoima NNE NNE
uhiki-ini NNE NNE
. NNE NNE
Baba I-PER I-PER
Ukwala I-PLAC NNE
nikuo NNE NNE
Ukwala B-ORG NNE
Supermakert I-ORG I-ORG
ikoragwo NNE NNE
. NNE NNE
Baba I-PER I-PER
Keroka I-PLAC I-PLAC
nikuo NNE NNE
twagiriruo NNE NNE
ni NNE NNE
gwaka NNE NNE
. NNE NNE
Baba I-PER I-PER
Mburi NNE NNE
cia NNE NNE
Meru I-PLAC B-ORG
ikoragwo NNE NNE
iri NNE NNE
nene NNE NNE
muno NNE NNE
. NNE NNE
Baba I-PER I-PER
Matuu I-PLAC I-PLAC
ningwenda NNE NNE
gukumenya NNE NNE
wega NNE NNE
. NNE NNE
Baba I-PER I-PER
Ihinda NNE NNE
riakwa NNE NNE
ria NNE NNE
mbere NNE NNE
guthii NNE NNE
Oyugis I-PLAC I-PLAC
nindorire NNE NNE
njira NNE NNE
. NNE NNE
Baba I-PER I-PER
Tukuhitukira NNE NNE
Nyahururu I-PLAC I-PLAC
tugithii NNE NNE
Olkalou I-PLAC I-PLAC
. NNE NNE
Baba I-PER I-PER
Ndiri NNE NNE
ndathii NNE NNE
Kipkelion I-PLAC I-PLAC
. NNE NNE
Baba I-PER I-PER
Mundu NNE NNE
muka NNE NNE
ucio NNE NNE
oimite NNE NNE
Luanda I-PLAC I-PLAC
. NNE NNE
Baba I-PER I-PER
Ndereba NNE NNE
cia NNE NNE
Nanyuki I-PLAC I-PLAC
ciambagia NNE NNE
kuhoga NNE NNE
mbere NNE NNE
ya NNE NNE
kuruta NNE NNE
wira NNE NNE
. NNE NNE
Baba I-PER I-PER
Muruti NNE NNE
wake NNE NNE
wa NNE NNE
wira NNE NNE
oimite NNE NNE
Maua I-PLAC I-PLAC
. NNE NNE
Baba I-PER I-PER
Mtwapa I-PLAC I-PLAC
nikuo NNE NNE
ngwenda NNE NNE
guthii NNE NNE
. NNE NNE
Baba I-PER I-PER
Tutingitikira NNE NNE
guthii NNE NNE
gwake NNE NNE
Isiolo I-PLAC I-PLAC
. NNE NNE
Baba I-PER I-PER
Twakinya NNE NNE
Voi I-PLAC NNE
nonginya NNE NNE
tugure NNE NNE
kindu NNE NNE
gia NNE NNE
kuria NNE NNE
. NNE NNE
Baba I-PER I-PER
Siaya I-PLAC I-PLAC
ni NNE NNE
gatauni NNE NNE
kanini I-PER NNE
muno NNE NNE
. NNE NNE
Baba I-PER I-PER
Muthenya NNE NNE
uria NNE NNE
tugathii NNE NNE
Nyansiongo I-PLAC I-PLAC
ningagura NNE NNE
mbuku NNE NNE
. NNE NNE
Baba I-PER I-PER
Nii NNE NNE
ningwenda NNE NNE
guthii NNE NNE
Londiani I-PLAC I-PLAC
. NNE NNE
Baba I-PER I-PER
Tambach I-PLAC I-PLAC
ni NNE NNE
kundu NNE NNE
kwega NNE NNE
. NNE NNE
Baba I-PER I-PER
Chuka I-PLAC NNE
ni NNE NNE
tauni NNE NNE
njega NNE NNE
muno NNE NNE
. NNE NNE
Baba I-PER I-PER
Malakisi I-PLAC I-PLAC
nikuo NNE NNE
ngwenda NNE NNE
guthii I-PER NNE
. NNE NNE
Baba I-PER I-PER
Tuguthii NNE NNE
nawe NNE NNE
nginya NNE NNE
Juja I-PLAC I-PLAC
. NNE NNE
Baba I-PER I-PER
Bondo I-PLAC I-PLAC
nikuo NNE NNE
mwari NNE NNE
wa NNE NNE
maitu NNE NNE
athiire NNE NNE
guikaraga NNE NNE
. NNE NNE
Baba I-PER I-PER
Ahuri NNE NNE
a NNE NNE
mupira NNE NNE
magatwaro NNE NNE
Moyale I-PLAC I-PLAC
guthaka NNE NNE
na NNE NNE
athaki NNE NNE
a NNE NNE
kuu NNE NNE
. NNE NNE
Baba I-PER I-PER
Athaki NNE NNE
mupira NNE NNE
a NNE NNE
Mathare B-ORG B-ORG
United I-ORG I-ORG
mathiire NNE NNE
Maralal I-PLAC I-PLAC
. NNE NNE
Baba I-PER I-PER
Gilgil I-PLAC I-PLAC
ni NNE NNE
tauni NNE NNE
iri NNE NNE
hakuhi NNE NNE
na NNE NNE
Nakuru I-PLAC I-PLAC
. NNE NNE
Baba I-PER I-PER
Nambale I-PLAC I-PLAC
ni NNE NNE
tauni NNE NNE
thaka NNE NNE
muno NNE NNE
. NNE NNE
Baba I-PER I-PER
Ungienda NNE NNE
kunyona NNE NNE
uka NNE NNE
Tabaka I-PLAC I-PLAC
urie NNE NNE
mundu NNE NNE
witagwo NNE NNE
Kamondo I-PER I-PER
. NNE NNE
Baba I-PER I-PER
Ndungikoruo NNE NNE
umite NNE NNE
Muhoroni I-PLAC I-PLAC
. NNE NNE
Baba I-PER I-PER
Guku NNE NNE
ni NNE NNE
Kerugoya I-PLAC I-PLAC
. NNE NNE
Baba I-PER I-PER
Kutus I-PLAC I-PLAC
ni NNE NNE
kundu NNE NNE
kuri NNE NNE
indo NNE NNE
cia NNE NNE
mbeca NNE NNE
nini NNE NNE
nyingi NNE NNE
. NNE NNE
Baba I-PER I-PER
Ugunja I-PLAC I-PLAC
nikuo NNE NNE
tugathii NNE NNE
kurima NNE NNE
mboga NNE NNE
. NNE NNE
Baba I-PER I-PER
Yala I-PLAC NNE
nikuo NNE NNE
Yala B-ORG NNE
University I-ORG I-ORG
ikoraguo NNE NNE
. NNE NNE
Baba I-PER I-PER
Rumuruti I-PLAC I-PLAC
ndina NNE NNE
mugunda NNE NNE
wa NNE NNE
gukombora NNE NNE
. NNE NNE
Baba I-PER I-PER
Maragua I-PLAC I-PLAC
nikuo NNE NNE
ngathii NNE NNE
kugura NNE NNE
mugunda NNE NNE
. NNE NNE
Baba I-PER I-PER
Nairobi I-PLAC I-PLAC
niyo NNE NNE
tauni NNE NNE
nene NNE NNE
muno NNE NNE
bururi NNE NNE
wa NNE NNE
Kenya NNE I-PLAC
. NNE NNE
Baba I-PER I-PER
Andu NNE NNE
aitu NNE NNE
othe NNE NNE
maikaraga NNE NNE
Nairobi I-PLAC I-PLAC
. NNE NNE
Baba I-PER I-PER
Mombasa I-PLAC I-PLAC
ni NNE NNE
tauni NNE NNE
nene NNE NNE
muno NNE NNE
. NNE NNE
Baba I-PER I-PER
Kisumu I-PLAC I-PLAC
nikuo NNE NNE
mutongoria NNE NNE
wa NNE NNE
bururi NNE NNE
agathii NNE NNE
muthi NNE NNE
wa NNE NNE
kiumia NNE NNE
. NNE NNE
Baba I-PER I-PER
Karatina I-PLAC NNE
nikuo NNE NNE
nyumite NNE NNE
. NNE NNE
Baba I-PER I-PER
Garissa I-PLAC I-PLAC
nikuo NNE NNE
twaikaraga NNE NNE
tene NNE NNE
tutanathama NNE NNE
. NNE NNE
Baba I-PER I-PER
Nakuru I-PLAC I-PLAC
nikuo NNE NNE
mama NNE NNE
muriuki NNE NNE
aikaraga NNE NNE
. NNE NNE
Baba I-PER I-PER
Trans-Nzoia I-PLAC I-PLAC
ni NNE NNE
kundu NNE NNE
kurimagwo NNE NNE
mbembe NNE NNE
muno NNE NNE
. NNE NNE
Baba I-PER I-PER
Hindi NNE NNE
iria NNE NNE
makinyire NNE NNE
Kakamega I-PLAC I-PLAC
makorire NNE NNE
munene NNE NNE
wao NNE NNE
akinya NNE NNE
. NNE NNE
Baba I-PER I-PER
Nandi I-PLAC I-PLAC
ni NNE NNE
kundu NNE NNE
kwega NNE NNE
muno NNE NNE
. NNE NNE
Baba I-PER I-PER
Migori I-PLAC I-PLAC
nikuo NNE NNE
cucu NNE NNE
oimite NNE NNE
. NNE NNE
Baba I-PER I-PER
Ndikwenda NNE NNE
guthii NNE NNE
Elgeyo B-PLAC B-PLAC
Marakwet I-PLAC I-PLAC
. NNE NNE
Baba I-PER I-PER
Tharaka B-PLAC B-PLAC
Nithi I-PLAC I-PLAC
nikuri NNE NNE
ng'aragu NNE NNE
muno NNE NNE
. NNE NNE
Baba I-PER I-PER
Ndathii NNE NNE
Marsabit I-PLAC I-PLAC
. NNE NNE
Baba I-PER I-PER
Ndakinya NNE NNE
Samburu I-PLAC NNE
ninguingira NNE NNE
Samburu B-ORG NNE
Park I-ORG I-ORG
. NNE NNE
Baba I-PER I-PER
Ungienda NNE NNE
guthii NNE NNE
Laikipia I-PLAC B-ORG
no NNE NNE
unyone NNE NNE
. NNE NNE
Baba I-PER I-PER
Murang’a I-PLAC I-PLAC
ni NNE NNE
kundu NNE NNE
kurimagwo NNE NNE
macani NNE NNE
na NNE NNE
kahua NNE NNE
. NNE NNE
Baba I-PER I-PER
Ndirahanyukire NNE NNE
riita NNE NNE
12 I-NUM I-NUM
kiharo NNE NNE
giothe NNE NNE
. NNE NNE
Baba I-PER I-PER
Namba NNE NNE
21 I-NUM I-NUM
niyo NNE NNE
arutwo NNE NNE
oothe NNE NNE
magire NNE NNE
kugia NNE NNE
ona NNE NNE
uria NNE NNE
kwagiriire NNE NNE
. NNE NNE
Baba I-PER I-PER
ndathomire NNE NNE
kirathi NNE NNE
gia NNE NNE
gatatu NNE NNE
maita NNE NNE
3 I-NUM I-NUM
. NNE NNE
Baba I-PER I-PER
Ndina NNE NNE
mburi NNE NNE
4 I-NUM I-NUM
muihuru NNE NNE
. NNE NNE
Baba I-PER I-PER
Ngwaka NNE NNE
nyumba NNE NNE
5 I-NUM I-NUM
mugunda-ini NNE NNE
wakwa NNE NNE
wa NNE NNE
Kieni I-PLAC I-PLAC
. NNE NNE
Baba I-PER I-PER
Mundu NNE NNE
ucio NNE NNE
ari NNE NNE
ciara NNE NNE
6 I-NUM I-NUM
guoko NNE NNE
kumwe NNE NNE
. NNE NNE
Baba I-PER I-PER
Ngari NNE NNE
7 I-NUM I-NUM
nicio NNE NNE
igooka NNE NNE
muthenya NNE NNE
wa NNE NNE
uhiki NNE NNE
. NNE NNE
Baba I-PER I-PER
Arahitukire NNE NNE
mathabu NNE NNE
8 I-NUM I-NUM
karatathi NNE NNE
goothe NNE NNE
. NNE NNE
Baba I-PER I-PER
ahanyukire NNE NNE
maita NNE NNE
9 I-NUM I-NUM
. NNE NNE
Baba I-PER I-PER
Andu NNE NNE
acio NNE NNE
mamuheire NNE NNE
0 I-NUM I-NUM
. NNE NNE
Baba I-PER I-PER
Twathiire NNE NNE
kwao NNE NNE
muthenya NNE NNE
wa NNE NNE
Kiumia I-DAY I-DAY
. NNE NNE
Baba I-PER I-PER
Tugathii NNE NNE
gwake NNE NNE
Jumatatu I-DAY I-DAY
. NNE NNE
Baba I-PER I-PER
Jumaine I-DAY I-DAY
nirio NNE NNE
mwiri NNE NNE
ugacokio NNE NNE
tiri-ini NNE NNE
. NNE NNE
Baba I-PER I-PER
Umuthi NNE NNE
ni NNE NNE
muthenya NNE NNE
wa NNE NNE
Jumatano I-DAY I-DAY
. NNE NNE
Baba I-PER I-PER
Aramithi I-DAY I-DAY
nirio NNE NNE
twathiire NNE NNE
kwao NNE NNE
. NNE NNE
Baba I-PER I-PER
muthenya NNE NNE
wa NNE NNE
Njumaa I-DAY I-DAY
ni NNE NNE
tugakoruo NNE NNE
twina NNE NNE
iruga NNE NNE
. NNE NNE
Baba I-PER I-PER
Njumamothi I-DAY I-DAY
nigugathinjwo NNE NNE
ngurue NNE NNE
noru NNE NNE
muno NNE NNE
. NNE NNE
Baba I-PER I-PER
Homa B-PLAC B-PLAC
Bay I-PLAC I-PLAC
nikuo NNE NNE
ithuothe NNE NNE
twathire NNE NNE
. NNE NNE
Baba I-PER I-PER
Arutwo NNE NNE
a NNE NNE
Chuka B-ORG NNE
University I-ORG I-ORG
marendaga NNE NNE
kugoma NNE NNE
. NNE NNE
Baba I-PER I-PER
Ndahituta NNE NNE
ngathii NNE NNE
guthomera NNE NNE
Egerton B-ORG B-ORG
University I-ORG I-ORG
. NNE NNE
Baba I-PER I-PER
Cukuru NNE NNE
wa NNE NNE
Jaramogi B-ORG B-ORG
Oginga I-ORG I-ORG
Odinga I-ORG I-ORG
University I-ORG I-ORG
kwina NNE NNE
mucemanio NNE NNE
. NNE NNE
Baba I-PER I-PER
Muiritu NNE NNE
wake NNE NNE
athomagira NNE NNE
Jomo B-ORG B-ORG
Kenyatta I-ORG I-PER
University I-ORG I-ORG
. NNE NNE
Baba I-PER I-PER
Kimondo NNE NNE
athomagira NNE NNE
Karatina B-ORG NNE
University I-ORG I-ORG
. NNE NNE
Baba I-PER I-PER
Kamau I-PER I-PER
na NNE NNE
Njeri I-PER I-PER
athiire NNE NNE
cukuru NNE NNE
wa NNE NNE
Kenyatta B-ORG I-PER
University I-ORG I-ORG
. NNE NNE
Baba I-PER I-PER
Arutani NNE NNE
a NNE NNE
Kimathi B-ORG B-ORG
University I-ORG I-ORG
College I-ORG I-ORG
mathomithagia NNE NNE
wega NNE NNE
muno NNE NNE
. NNE NNE
Baba I-PER I-PER
Kisii B-ORG NNE
University I-ORG I-ORG
nikuri NNE NNE
arutwo NNE NNE
aingi NNE NNE
muno NNE NNE
