Jesu NNE I-PER
, NNE NNE
mundu NNE NNE
Mathayo NNE I-PER
Wabichi-ini NNE I-PLAC
kurihira I-PLAC NNE
, NNE NNE
atiri NNE NNE
“ NNE NNE
murumiriri NNE NNE
. NNE NNE
Nake NNE NNE
na NNE NNE
. NNE NNE
ucio NNE NNE
riria I-PER NNE
aaikarite NNE NNE
Metha-ini NNE I-PLAC
etia NNE NNE
a NNE NNE
cia I-PLAC NNE
na NNE NNE
magiuka NNE NNE
kurianira NNE NNE
na I-PER NNE
na NNE NNE
ake NNE NNE
No NNE NNE
Afarisai NNE NNE
undu NNE NNE
makuiria NNE NNE
ake NNE NNE
: NNE NNE
Murutani NNE I-PER
arianagira NNE NNE
etia NNE NNE
mbeca NNE NNE
na NNE NNE
nini NNE NNE
“ NNE NNE
Jesu NNE I-PER
uguo NNE NNE
akuiga NNE NNE
: NNE NNE
Andu NNE NNE
matari NNE NNE
matibarataraga NNE NNE
, NNE NNE
arianagira NNE NNE
nio NNE NNE
. I-PER NNE
Ni NNE NNE
Ucio-ri NNE NNE
thiii NNE NNE
uria NNE NNE
ici NNE NNE
: NNE NNE
Ngwenda NNE NNE
magongona NNE NNE
' NNE NNE
ndiokire NNE NNE
ehia NNE NNE
Baba I-NUM I-PER
. I-PER NNE
2 NNE I-NUM
Baba I-NUM I-PER
. I-PER NNE
4 NNE I-NUM
Baba I-NUM I-PER
. I-PER NNE
6 NNE I-NUM
Baba I-NUM I-PER
. I-PER NNE
7 NNE I-NUM
Baba I-NUM I-PER
. I-PER NNE
9 NNE I-NUM
Baba I-NUM I-PER
. I-PER NNE
11 NNE I-NUM
Baba NNE I-PER
Nao NNE NNE
a I-PER NNE
magithii NNE NNE
we NNE NNE
atiri NNE NNE
“ NNE NNE
kii NNE NNE
ithui NNE NNE
Afarisai NNE NNE
no NNE NNE
aku NNE NNE
? NNE NNE
Nake I-PER NNE
akimeera NNE NNE
“ NNE NNE
a NNE NNE
matikoragwo NNE NNE
gitumi NNE NNE
gucakaya NNE NNE
iria NNE NNE
muhikania NNE NNE
hamwe NNE NNE
. NNE NNE
matuku NNE NNE
mariuka NNE NNE
muhikania NNE NNE
kuri NNE NNE
, NNE NNE
hindi NNE NNE
ni NNE NNE
. I-PER NNE
Gutiri NNE NNE
utumagirira NNE NNE
kia NNE NNE
njeru I-PLAC NNE
ria NNE NNE
nguru NNE NNE
tondu NNE NNE
uguo NNE NNE
kiraka NNE NNE
kieru NNE NNE
nguo NNE NNE
, NNE NNE
itaruke NNE NNE
. NNE NNE
na NNE NNE
mationoragiria NNE NNE
iragagata NNE NNE
wa NNE NNE
nguru NNE NNE
ndibei NNE NNE
Baba NNE I-PER
uguo NNE NNE
mondo NNE NNE
ni NNE NNE
na NNE NNE
igaitika NNE NNE
mondo NNE NNE
. I-PER NNE
Indi NNE NNE
monoragiria NNE NNE
iragagata NNE NNE
wa NNE NNE
njeru NNE NNE
ndibei NNE NNE
na NNE NNE
iyo NNE NNE
kindu NNE NNE
. NNE NNE
Baba NNE I-PER
riria NNE NNE
maundu NNE NNE
, NNE NNE
umwe NNE NNE
hari NNE NNE
akimuinamirira NNE NNE
akimwira NNE NNE
“ NNE NNE
muhaka NNE NNE
wakwa NNE NNE
riu NNE NNE
mukuu NNE NNE
no NNE NNE
umuingirire NNE NNE
, NNE NNE
ni NNE NNE
muoyo NNE NNE
“ I-PER NNE
Nake I-PER NNE
agiukira NNE NNE
akimurumiririra NNE NNE
na NNE NNE
ake NNE NNE
nao NNE NNE
. NNE NNE
atiri NNE NNE
mutumia NNE NNE
oiraga NNE NNE
miaka NNE NNE
na NNE NNE
agithii NNE NNE
wake NNE NNE
akihutia NNE NNE
kia NNE NNE
yake NNE NNE
iguru NNE I-PLAC
tondu NNE NNE
na NNE NNE
atiri NNE NNE
“ NNE NNE
tu NNE NNE
yake NNE NNE
iguru NNE I-PLAC
ni NNE NNE
. NNE NNE
Jesu NNE I-PER
, NNE NNE
amuona NNE NNE
akimwira NNE NNE
“ NNE NNE
, NNE NNE
wakwa NNE NNE
witikio NNE NNE
ni NNE NNE
uhone NNE NNE
“ NNE NNE
riria I-PER NNE
aakinyire NNE NNE
mutongoria NNE NNE
nyumba NNE NNE
akiona NNE NNE
a NNE NNE
na NNE NNE
gikirira NNE NNE
, NNE NNE
Umai NNE NNE
tondu NNE NNE
gaka NNE NNE
gukua NNE NNE
, NNE NNE
ni NNE NNE
gakomete NNE NNE
“ NNE NNE
uguo NNE NNE
makiambiriria NNE NNE
na NNE NNE
. I-PER NNE
kirindi NNE NNE
nja NNE NNE
agithii NNE NNE
akinyita NNE NNE
kau NNE NNE
, NNE NNE
gagiukira NNE NNE
Baba NNE I-PER
nganja NNE NNE
uhoro NNE NNE
ni NNE NNE
kundu NNE NNE
guothe NNE NNE
Baba NNE I-PER
Jesu NNE I-PER
kuu NNE NNE
andu NNE NNE
atumumu NNE NNE
, NNE NNE
uu NNE NNE
“ NNE NNE
tha NNE NNE
muru NNE NNE
Daudi NNE I-PER
“ I-PER NNE
aingira NNE NNE
, NNE NNE
acio NNE NNE
magithii NNE NNE
we NNE NNE
nake NNE NNE
: NNE NNE
Hihi NNE NNE
na NNE NNE
ati NNE NNE
hote NNE NNE
? NNE NNE
makimucokeria NNE NNE
“ NNE NNE
, NNE NNE
na NNE NNE
Mwathani NNE I-PER
“ I-PER NNE
Ningi I-PER NNE
akimahe NNE NNE
murumu NNE NNE
akimeera NNE NNE
: NNE NNE
Menyererai NNE NNE
mundu NNE NNE
na NNE NNE
. NNE NNE
Indi NNE NNE
moima NNE NNE
, NNE NNE
uhoro NNE NNE
wigii I-PER NNE
kundu NNE NNE
guothe NNE NNE
na NNE NNE
andu NNE NNE
mooimaga NNE NNE
, NNE NNE
makimurehera NNE NNE
utaahotaga NNE NNE
na NNE NNE
na NNE NNE
, NNE NNE
Thutha NNE NNE
kurutwo NNE NNE
, NNE NNE
ucio NNE NNE
kwaria NNE NNE
Baba NNE I-PER
Jesu NNE I-PER
Matauni-ini NNE I-PLAC
Matuura-ini NNE I-PLAC
, NNE NNE
thiini NNE NNE
thunagogi NNE I-PLAC
akihunjagia NNE NNE
uria NNE NNE
wa NNE NNE
na NNE NNE
andu NNE NNE
ya NNE NNE
yothe NNE NNE
Baba NNE I-PER
onire NNE NNE
, NNE NNE
ni NNE NNE
tondu NNE NNE
giatihangitio NNE NNE
gigatiganirio NNE NNE
ng'ondu NNE NNE
na NNE NNE
. I-PER NNE
Agicoka NNE NNE
arutwo NNE NNE
atiri NNE NNE
“ NNE NNE
atume NNE NNE
wira NNE NNE
make NNE NNE
“ NNE NNE
kwoguo NNE NNE
arutwo NNE NNE
aria NNE NNE
na NNE NNE
na NNE NNE
wathani NNE NNE
kuingatataga NNE NNE
, NNE NNE
wa NNE NNE
mirimu NNE NNE
mithemba NNE NNE
. I-PER NNE
Maya NNE NNE
mariitwa NNE NNE
atumwo NNE NNE
ikumi NNE NNE
eri NNE NNE
Simoni NNE I-PER
uria NNE NNE
Petero NNE I-PER
na I-PER NNE
muru NNE NNE
nyina NNE NNE
Jakubu NNE I-PER
Johana NNE I-PER
aria NNE NNE
ariu NNE NNE
Zebedi NNE I-PER
Filipu NNE I-PER
Batholomayo NNE I-PER
Toma NNE I-PER
Mathayo NNE I-PER
wari NNE NNE
wa NNE NNE
cia I-PLAC NNE
; I-PER NNE
muru NNE NNE
Alufayo NNE I-PER
na I-PER NNE
; I-PER NNE
uria NNE NNE
; NNE NNE
Judasi NNE NNE
, NNE NNE
wacokire NNE NNE
. I-PER NNE
Jesu NNE I-PER
acio NNE NNE
na NNE NNE
, NNE NNE
uu NNE NNE
“ NNE NNE
kuri NNE NNE
a NNE NNE
, NNE NNE
mutigatonye NNE NNE
o NNE NNE
ya NNE NNE
, NNE NNE
ria NNE NNE
, NNE NNE
ng'ondu NNE NNE
ciurite NNE NNE
nyumba NNE NNE
Isiraeli NNE I-PLAC
na NNE NNE
, NNE NNE
mukigaga NNE NNE
: NNE NNE
uthamaki NNE NNE
iguru NNE I-PLAC
ukuhiriire NNE NNE
' NNE NNE
aria NNE NNE
, NNE NNE
aria NNE NNE
na NNE NNE
, NNE NNE
muingatage NNE NNE
. I-PER NNE
muheetwo NNE NNE
. NNE NNE
tuhu NNE NNE
Baba NNE I-PER
mbeca NNE NNE
thahabu NNE NNE
kana NNE NNE
betha NNE NNE
kana NNE NNE
gicango I-PLAC NNE
cianyu NNE NNE
o NNE NNE
mutigakuue NNE NNE
ya NNE NNE
, NNE NNE
nguo NNE NNE
, NNE NNE
iratu NNE NNE
, NNE NNE
mutirima NNE NNE
, NNE NNE
muruti NNE NNE
ni NNE NNE
kuheo NNE NNE
. I-PER NNE
“ NNE NNE
tauni NNE NNE
yothe NNE NNE
kana NNE NNE
, NNE NNE
mundu NNE NNE
uria NNE NNE
wagiriire NNE NNE
muikare NNE NNE
wagiriire NNE NNE
muikare NNE NNE
o NNE NNE
Riria NNE NNE
kuo NNE NNE
Baba NNE I-PER
nyumba NNE NNE
geithiai NNE NNE
kuo NNE NNE
Baba NNE I-PER
nyumba NNE NNE
ni NNE NNE
, NNE NNE
thayu NNE NNE
ugie NNE NNE
yo NNE NNE
no NNE NNE
ndiagiriire NNE NNE
rekei NNE NNE
wanyu NNE NNE
. I-PER NNE
Na NNE NNE
mundu NNE NNE
wothe NNE NNE
kumunyita NNE NNE
kana NNE NNE
, NNE NNE
gwake NNE NNE
Ituura-ini NNE I-PLAC
, NNE NNE
maguru NNE NNE
. I-PER NNE
Thi NNE NNE
ruitike NNE NNE
Baba NNE I-PER
atiri NNE NNE
ma NNE NNE
martuura NNE NNE
Sodomu NNE I-PLAC
Gomora NNE I-PLAC
makaiguiruo NNE NNE
muthenya NNE NNE
cira NNE NNE
ituura NNE NNE
. I-PER NNE
“ NNE NNE
, NNE NNE
mutarii NNE NNE
ng'ondu I-PLAC NNE
kana NNE NNE
; NNE NNE
, NNE NNE
o NNE NNE
nyoka NNE NNE
mukoragwo NNE NNE
na NNE NNE
o NNE NNE
ndutura NNE NNE
Baba NNE I-PER
, NNE NNE
andu NNE NNE
makamutwara I-PLAC NNE
ma NNE NNE
Thunagogi-ini NNE I-PLAC
. I-PER NNE
Ningi NNE NNE
mugaatwaruo NNE NNE
mangavana NNE NNE
athamaki NNE NNE
undu NNE NNE
riitwa NNE NNE
, NNE NNE
mutuike NNE NNE
kuri NNE NNE
, NNE NNE
kuri NNE NNE
a NNE NNE
. I-PER NNE
No NNE NNE
, NNE NNE
makamutwara NNE NNE
mutikanatangike NNE NNE
uria NNE NNE
, NNE NNE
ni NNE NNE
uria NNE NNE
o NNE NNE
iyo NNE NNE
ni NNE NNE
ti NNE NNE
mugaakoruo NNE NNE
ni NNE NNE
wa NNE NNE
wanyu NNE NNE
Baba NNE I-PER
mundu NNE NNE
akaaneana NNE NNE
wa NNE NNE
oragwo NNE NNE
kana NNE NNE
mwana NNE NNE
na NNE NNE
ni NNE NNE
aciari NNE NNE
imaneane NNE NNE
. I-PER NNE
Na NNE NNE
mugaathuuruo NNE NNE
andu NNE NNE
ni NNE NNE
wa NNE NNE
riakwa NNE NNE
no NNE NNE
ugukiririria NNE NNE
nginya NNE NNE
niwe NNE NNE
. I-PER NNE
mangikaamunyarira I-PLAC NNE
ria B-ORG NNE
Kimathi NNE B-ORG
, NNE NNE
Ituura-ini NNE I-PLAC
, NNE NNE
Ngumwira NNE NNE
na NNE NNE
, NNE NNE
wa NNE NNE
agaakinya NNE NNE
kuhunjia NNE NNE
mothe NNE NNE
Isiraeli NNE I-PLAC
Baba NNE I-PER
Murutwo NNE NNE
ari NNE NNE
kuri NNE NNE
wayo NNE NNE
Baba NNE I-PER
agiriiruo NNE NNE
ni NNE NNE
ta NNE NNE
wayo NNE NNE
Baba NNE I-PER
andu NNE NNE
metite NNE NNE
mucii I-PER NNE
, NNE NNE
matigugita NNE NNE
a NNE NNE
wake NNE NNE
o NNE NNE
makiria NNE NNE
Baba NNE I-PER
undu NNE NNE
, NNE NNE
, NNE NNE
gutiri NNE NNE
muhithe NNE NNE
na NNE NNE
hitho NNE NNE
. I-PER NNE
Maundu NNE NNE
ndimwiragira I-PLAC NNE
, NNE NNE
utheri-ini NNE I-PLAC
na NNE NNE
ndumwiraga NNE NNE
miheehu NNE NNE
muhunjie NNE NNE
nyumba I-PLAC NNE
. I-PER NNE
Na NNE NNE
aria NNE NNE
mwiri NNE NNE
matingihota NNE NNE
muoyo NNE NNE
ithenya NNE NNE
uguo NNE NNE
witigagirei NNE NNE
ungihota NNE NNE
muoyo NNE NNE
mwiri NNE NNE
wa I-PLAC NNE
. I-PER NNE
Githi NNE NNE
twiri NNE NNE
gathendi NNE NNE
ga NNE NNE
munini NNE NNE
Baba NNE I-PER
gutiri NNE NNE
na NNE NNE
ga NNE NNE
kangigwa I-PLAC NNE
na NNE NNE
wanyu NNE NNE
kumenya NNE NNE
Baba NNE I-PER
nginya NNE NNE
cia NNE NNE
yanyu NNE NNE
ni NNE NNE
. I-PER NNE
Kwoguo-ri NNE NNE
; NNE NNE
muri NNE NNE
bata NNE NNE
tunyoni NNE NNE
. I-PER NNE
“ NNE NNE
undu NNE NNE
mundu NNE NNE
wothe NNE NNE
mbere NNE NNE
andu NNE NNE
o NNE NNE
nii NNE NNE
ngamumbura NNE NNE
ya I-PER NNE
uria NNE NNE
iguru NNE I-PLAC
Baba NNE I-PER
mundu NNE NNE
ukangaana NNE NNE
mbere NNE NNE
andu NNE NNE
o NNE NNE
nii NNE NNE
ngamukaana NNE NNE
ya I-PER NNE
uria NNE NNE
iguru NNE I-PLAC
Baba NNE I-PER
ati NNE NNE
kurehe NNE NNE
thiini NNE NNE
thi NNE I-PLAC
ndokire NNE NNE
ruhiu NNE NNE
njora NNE NNE
no NNE NNE
thayu NNE NNE
Baba NNE I-PER
ndokire NNE NNE
nyamukano NNE NNE
ka NNE NNE
na NNE NNE
, NNE NNE
na NNE NNE
, NNE NNE
gatagati NNE NNE
mutumia NNE NNE
nyaciarawe NNE NNE
Baba NNE I-PER
cia NNE NNE
igaakoruo NNE NNE
andu NNE NNE
mucii NNE NNE
mwene NNE NNE
Baba NNE I-PER
uria NNE NNE
ithe NNE NNE
nyina NNE NNE
ndagiriire NNE NNE
Murutwo NNE NNE
, NNE NNE
uria NNE NNE
muriu NNE NNE
mwari NNE NNE
ndagiriire NNE NNE
murutwo NNE NNE
. I-PER NNE
Na NNE NNE
wothe NNE NNE
gukuua NNE NNE
wake NNE NNE
kunyaririruo NNE NNE
anumiririe NNE NNE
gutuika NNE NNE
wakwa NNE NNE
Baba NNE I-PER
ugeragia NNE NNE
muoyo NNE NNE
ni NNE NNE
niguo NNE NNE
na NNE NNE
o NNE NNE
ukoruo NNE NNE
muoyo NNE NNE
ni NNE NNE
wakwa NNE NNE
akauhonikia NNE NNE
Baba NNE I-PER
Uria NNE NNE
umwamukagira NNE NNE
ni NNE NNE
o NNE NNE
nii NNE NNE
nake NNE NNE
unyamukagira NNE NNE
nginya NNE NNE
wa NNE NNE
. I-PER NNE
Uria NNE NNE
munabii NNE NNE
ni NNE NNE
akaaheo NNE NNE
kia NNE NNE
na NNE NNE
wamukagira NNE NNE
muthingu NNE NNE
ni NNE NNE
akaaheo NNE NNE
kia NNE NNE
muthingu NNE NNE
Baba NNE I-PER
mundu NNE NNE
uheaga NNE NNE
wa NNE NNE
anyinyi NNE NNE
kia NNE NNE
tu NNE NNE
tondu NNE NNE
murutwo NNE NNE
, NNE NNE
na NNE NNE
atiri NNE NNE
Ni NNE NNE
kiheo NNE NNE
. NNE NNE
Baba NNE I-PER
riria I-PER NNE
aarikie NNE NNE
arutwo NNE NNE
ikumi NNE NNE
eri NNE NNE
, NNE NNE
niguo NNE NNE
na NNE NNE
matuura-ini NNE I-PLAC
. I-PER NNE
No NNE NNE
Johana NNE I-PER
ari NNE NNE
uhoro NNE NNE
ciiko NNE NNE
Kristo NNE I-PER
agituma NNE NNE
ake NNE NNE
, NNE NNE
Hihi NNE NNE
niwe NNE NNE
weraniiruo NNE NNE
kana NNE NNE
hari NNE NNE
twerereire NNE NNE
“ I-PER NNE
akira NNE NNE
acio NNE NNE
: NNE NNE
Thiii NNE NNE
Johana NNE I-PER
wigii NNE NNE
maria NNE NNE
na NNE NNE
: NNE NNE
atumumu NNE NNE
marahota NNE NNE
, NNE NNE
muthuaga NNE NNE
wega NNE NNE
aria NNE NNE
na NNE NNE
makahonio NNE NNE
aria NNE NNE
makaigua NNE NNE
akuu NNE NNE
nao NNE NNE
ni NNE NNE
uhoro NNE NNE
mwega NNE NNE
Baba NNE I-PER
ni NNE NNE
utonaga NNE NNE
ungimuhinga NNE NNE
nii NNE NNE
“ I-PER NNE
Na NNE NNE
arutwo NNE NNE
maathiire NNE NNE
Jesu NNE I-PER
kuuria NNE NNE
uhoro NNE NNE
Johana NNE I-PER
: NNE NNE
Mwathiite I-PLAC NNE
kuona NNE NNE
? I-PER NNE
Hihi NNE NNE
ithanji NNE NNE
ni NNE NNE
? I-PER NNE
Mwagithiite NNE NNE
kii NNE NNE
