thutha NNE NNE
ni NNE NNE
kuona NNE NNE
uria NNE NNE
kahuti NNE NNE
kari NNE NNE
ria NNE NNE
wa NNE NNE
wanyu NNE NNE
Baba NNE I-PER
Mutikanahe NNE NNE
indo NNE NNE
ciamuriiruo I-PER NNE
, NNE NNE
na NNE NNE
muikirie NNE NNE
ruru NNE NNE
tondu NNE NNE
thi NNE I-PLAC
imutharikire NNE NNE
Baba NNE I-PER
Thiii NNE NNE
mbere NNE NNE
, NNE NNE
ni NNE NNE
thiii NNE NNE
mbere NNE NNE
, NNE NNE
ni NNE NNE
; NNE NNE
na NNE NNE
kuringaringa NNE NNE
na NNE NNE
mukuhinguriruo NNE NNE
Akimwira NNE NNE
: NNE NNE
maundu NNE NNE
mothe NNE NNE
ngukuhe NNE NNE
maru NNE NNE
. NNE NNE
Nake I-PER NNE
akimwira NNE NNE
Thii I-PER NNE
! NNE NNE
ni NNE NNE
atiri NNE NNE
' I-PER NNE
Ngai NNE I-PER
nowe NNE NNE
wagiriiruo NNE NNE
utungata NNE NNE
. NNE NNE
“ I-PER NNE
Hindi NNE NNE
Mucukani NNE I-PER
nake NNE NNE
araika NNE NNE
makiambiriria NNE NNE
. NNE NNE
riria NNE NNE
ati I-PER NNE
ni NNE NNE
, NNE NNE
kuu NNE NNE
Galili NNE I-PLAC
Baba NNE I-PER
thutha NNE NNE
kuuma NNE NNE
, NNE NNE
akiambiriria NNE NNE
Kaperinaumu NNE I-PLAC
na NNE NNE
, I-PLAC NNE
cia I-PLAC NNE
na I-PLAC NNE
, NNE NNE
muri I-PLAC NNE
ya NNE NNE
Iria-ini NNE I-PLAC
murimo NNE I-PLAC
ungi NNE NNE
Jorodani NNE I-PLAC
Galili NNE I-PLAC
andu NNE NNE
nduriri NNE NNE
Baba NNE I-PER
aria NNE NNE
Nduma-ini NNE I-PLAC
moonire NNE NNE
. NNE NNE
, NNE NNE
aria NNE NNE
Kiiruru-ini NNE I-PLAC
kirehaga NNE NNE
, NNE NNE
ni NNE NNE
. NNE NNE
Baba NNE I-PER
hindi NNE NNE
, I-PER NNE
akiambiriria NNE NNE
akiugaga NNE NNE
“ NNE NNE
, NNE NNE
uthamaki NNE NNE
iguru NNE I-PLAC
ukuiriirie NNE NNE
“ I-PER NNE
na NNE NNE
aathiagira NNE NNE
na NNE NNE
ria I-PLAC NNE
, NNE NNE
ariu NNE NNE
a NNE NNE
umwe NNE NNE
Simoni NNE I-PER
witagwo I-PER NNE
, NNE NNE
Andrea NNE I-PER
wa NNE NNE
, NNE NNE
neti I-PLAC NNE
, NNE NNE
maari NNE NNE
a NNE NNE
. I-PER NNE
Nake NNE NNE
uu NNE NNE
“ NNE NNE
, NNE NNE
ningumutua NNE NNE
a NNE NNE
. NNE NNE
Baba NNE I-PER
o NNE NNE
iyo NNE NNE
neti NNE NNE
, NNE NNE
. I-PER NNE
oima NNE NNE
, NNE NNE
andu NNE NNE
eri NNE NNE
nyina NNE NNE
, I-PER NNE
na I-PER NNE
hamwe NNE NNE
ithe NNE NNE
Zebedi NNE I-PER
thiini NNE NNE
gataru NNE NNE
neti NNE NNE
, NNE NNE
akimeta NNE NNE
Baba NNE I-PER
hindi NNE NNE
magitiga NNE NNE
, NNE NNE
magitiga NNE NNE
, NNE NNE
. I-PER NNE
Agicoka NNE NNE
Galili NNE I-PLAC
, NNE NNE
Thunagogi-ini NNE I-PLAC
akihunjagia NNE NNE
uria NNE NNE
wa NNE NNE
na NNE NNE
andu NNE NNE
yothe NNE NNE
wonje NNE NNE
mithemba NNE NNE
. NNE NNE
uhoro NNE NNE
ukimenyeka I-PLAC NNE
guothe NNE NNE
na NNE NNE
andu NNE NNE
othe NNE NNE
ni NNE NNE
itiganite NNE NNE
na NNE NNE
, NNE NNE
na NNE NNE
maakuite NNE NNE
imwe NNE NNE
akimahonia NNE NNE
Baba NNE I-PER
undu NNE NNE
, NNE NNE
nene NNE NNE
andu NNE NNE
Galili NNE I-PLAC
Dekapoli NNE I-PLAC
Jerusalemu NNE I-PLAC
Judea NNE I-PLAC
murimo NNE I-PLAC
ungi NNE NNE
Jorodani NNE I-PLAC
ikimurumirira NNE NNE
Baba NNE I-PER
onire NNE NNE
kia NNE NNE
, NNE NNE
Kirima-ini NNE I-PLAC
na NNE NNE
wa NNE NNE
thi NNE I-PLAC
arutwo NNE NNE
magiuka NNE NNE
we NNE NNE
Baba I-PER I-PER
Tondu NNE NNE
o NNE NNE
uhoyaga NNE NNE
aheagwo NNE NNE
na NNE NNE
o NNE NNE
ucaragia NNE NNE
onaga NNE NNE
na NNE NNE
o NNE NNE
uringaringaga NNE NNE
ni NNE NNE
. I-PER NNE
Nu NNE NNE
Gatagati-ini NNE I-PLAC
ungihoyuo NNE NNE
ni NNE NNE
amuhe NNE NNE
? I-PER NNE
Kana NNE NNE
angimuhoya NNE NNE
, NNE NNE
amuhe NNE NNE
? I-PER NNE
Ni NNE NNE
Ucio-ri NNE NNE
angikoruo NNE NNE
o NNE NNE
gutuika NNE NNE
ehia NNE NNE
wanyu NNE NNE
iguru NNE I-PLAC
githi NNE NNE
mamuhoyaga NNE NNE
indo NNE NNE
! I-PER NNE
“ NNE NNE
undu NNE NNE
, NNE NNE
mothe NNE NNE
mungienda NNE NNE
aria NNE NNE
mamwikage NNE NNE
no NNE NNE
o NNE NNE
inyui NNE NNE
o NNE NNE
. I-PER NNE
Uguo NNE NNE
Fna NNE NNE
mabuku NNE NNE
marutanite NNE NNE
Baba NNE I-PER
Tonyerai NNE NNE
uria NNE NNE
tondu NNE NNE
ni NNE NNE
na NNE NNE
iria NNE NNE
andu NNE NNE
kuniinwo NNE NNE
njaramu NNE NNE
na NNE NNE
aria NNE NNE
niyo NNE NNE
; NNE NNE
muromo NNE NNE
muceke NNE NNE
njira NNE NNE
ikinyagia NNE NNE
hari NNE NNE
no NNE NNE
, NNE NNE
andu NNE NNE
mamionaga NNE NNE
anini NNE NNE
“ NNE NNE
anabii NNE NNE
maheeni NNE NNE
mokaga NNE NNE
inyui NNE NNE
ruua NNE NNE
ng`ondu NNE NNE
no NNE NNE
ni NNE NNE
ndiani NNE NNE
Baba NNE I-PER
murimamenyaga NNE NNE
maciaro NNE NNE
. NNE NNE
hindi NNE NNE
magethaga NNE NNE
kuuma NNE NNE
. NNE NNE
undu NNE NNE
na NNE NNE
, NNE NNE
wothe NNE NNE
uciaraga NNE NNE
mega NNE NNE
no NNE NNE
wothe NNE NNE
uciaraga NNE NNE
moru NNE NNE
o NNE NNE
kana NNE NNE
muru NNE NNE
maciaro NNE NNE
. NNE NNE
o NNE NNE
utaciaraga NNE NNE
mega NNE NNE
gutemwo NNE NNE
na NNE NNE
Mwaki-ini NNE I-PLAC
Kwoguo-ri NNE NNE
andu NNE NNE
ni NNE NNE
kugerera NNE NNE
mao NNE NNE
“ NNE NNE
mundu NNE NNE
wothe NNE NNE
, NNE NNE
Mwathani NNE I-PER
Mwathani NNE I-PER
' NNE NNE
Uthamaki-ini NNE I-PLAC
iguru NNE I-PLAC
no NNE NNE
uria NNE NNE
wendi NNE NNE
ithe NNE NNE
wa I-PLAC NNE
. I-PER NNE
muthenya NNE NNE
andu NNE NNE
ni NNE NNE
atiri NNE NNE
' I-PER NNE
, I-PER NNE
, NNE NNE
tutiarathaga NNE NNE
na NNE NNE
riaku NNE NNE
na NNE NNE
ndaimono NNE NNE
riitwa NNE NNE
, NNE NNE
na NNE NNE
ciama NNE NNE
na NNE NNE
riaku NNE NNE
' NNE NNE
hindi NNE NNE
ni NNE NNE
atiri NNE NNE
' NNE NNE
ndimuui NNE NNE
! NNE NNE
, NNE NNE
mwikaga NNE NNE
moru NNE NNE
' I-PER NNE
“ NNE NNE
undu NNE NNE
, NNE NNE
wothe NNE NNE
ciugo NNE NNE
ciakwa NNE NNE
agaciathikira NNE NNE
ta NNE NNE
ni NNE NNE
mundu NNE NNE
, NNE NNE
waakire NNE NNE
yake I-PLAC NNE
ria NNE NNE
. I-PER NNE
Ningi-ri NNE NNE
mundu NNE NNE
uiguaga NNE NNE
icio NNE NNE
na NNE NNE
guciathikira NNE NNE
ta NNE NNE
mukigu NNE NNE
uria NNE NNE
nyumba NNE NNE
iguru NNE I-PLAC
muthanga NNE NNE
Nayo NNE NNE
ikuira NNE NNE
gukigia NNE NNE
, NNE NNE
ruhuho NNE NNE
rukihurutana NNE NNE
rukihuura NNE NNE
iyo NNE NNE
nayo NNE NNE
na NNE NNE
biu NNE NNE
“ NNE NNE
Jesu NNE I-PER
kwaria NNE NNE
macio NNE NNE
kirindi NNE NNE
muno NNE NNE
undu NNE NNE
urutani NNE NNE
, NNE NNE
aamarutaga NNE NNE
mundu NNE NNE
wathani NNE NNE
Ngai NNE I-PER
no NNE NNE
ta NNE NNE
ao NNE NNE
watho NNE NNE
Baba NNE I-PER
Jesu NNE I-PER
kirima I-PLAC I-PLAC
, NNE NNE
kinene NNE NNE
andu NNE NNE
. NNE NNE
riri NNE NNE
mundu NNE NNE
na NNE NNE
agiuka NNE NNE
we NNE NNE
, NNE NNE
: NNE NNE
Mwathani NNE I-PER
angikoruo NNE NNE
wende NNE NNE
theria NNE NNE
“ NNE NNE
guoko NNE NNE
akimuhutia NNE NNE
akimwira NNE NNE
“ NNE NNE
ngwenda NNE NNE
utherie NNE NNE
Baba NNE I-PER
Hindi NNE NNE
iyo NNE NNE
macio NNE NNE
magithira NNE NNE
Nake I-PER NNE
akimwira NNE NNE
: NNE NNE
Ndukere NNE NNE
o NNE NNE
uriku NNE NNE
no NNE NNE
wiyonanie NNE NNE
Muthinjiri-Ngai NNE I-PER
na NNE NNE
Igongo-na NNE NNE
na NNE NNE
na NNE NNE
watho NNE NNE
Musa NNE I-PER
niguo NNE NNE
na NNE NNE
. NNE NNE
Baba NNE I-PER
riria NNE NNE
Kaperinaumu NNE I-PLAC
munene NNE NNE
wa NNE NNE
agiuka NNE NNE
we NNE NNE
akimuthaitha NNE NNE
: NNE NNE
Mwathani NNE I-PER
, NNE NNE
yakwa NNE NNE
nyumba NNE NNE
ni NNE NNE
murimu NNE NNE
gukua NNE NNE
, NNE NNE
ni NNE NNE
muno NNE NNE
“ NNE NNE
uu NNE NNE
“ NNE NNE
kuu NNE NNE
ngumihonia NNE NNE
“ NNE NNE
ucio NNE NNE
thigari NNE NNE
atiri NNE NNE
“ NNE NNE
wakwa NNE NNE
nii NNE NNE
ugeni NNE NNE
, NNE NNE
o NNE NNE
kimwe NNE I-PLAC
ndungata NNE NNE
ni NNE NNE
. NNE NNE
o NNE NNE
nii NNE NNE
rungu NNE NNE
, NNE NNE
ingira NNE NNE
umwe NNE NNE
' NNE NNE
! NNE NNE
makahagarania NNE NNE
. NNE NNE
Jesu NNE I-PER
akira NNE NNE
ucio NNE NNE
thigari NNE NNE
: NNE NNE
Thii NNE NNE
O NNE NNE
uria NNE NNE
Witikio-ri NNE NNE
ni NNE NNE
guoko NNE NNE
“ NNE NNE
ndungata NNE NNE
ikihonio NNE NNE
hindi NNE NNE
. I-PER NNE
Na NNE NNE
Jesu NNE I-PER
kwa I-PER NNE
, NNE NNE
nyina NNE NNE
mutumia NNE NNE
Petero NNE I-PER
aria NNE NNE
murimu NNE NNE
akihona NNE NNE
agiukira NNE NNE
kumutungatira NNE NNE
Baba NNE I-PER
gwakinya NNE NNE
, NNE NNE
andu NNE NNE
maari NNE NNE
ndaimono NNE NNE
akimaruta NNE NNE
icio NNE NNE
akihonia NNE NNE
othe NNE NNE
, NNE NNE
ahingie NNE NNE
uria NNE NNE
ni NNE NNE
Isaia NNE I-PER
riria NNE NNE
: NNE NNE
Ni NNE NNE
mirimu NNE NNE
na NNE NNE
ruo NNE NNE
. NNE NNE
Baba NNE I-PER
Jesu NNE I-PER
kirindi NNE NNE
, NNE NNE
arutwo NNE NNE
mehere NNE NNE
maringe I-PLAC NNE
ucio NNE NNE
. NNE NNE
Mwandiki-watho NNE I-PER
agiuka NNE NNE
“ I-PER NNE
, NNE NNE
ndikurumagirira NNE NNE
guothe NNE NNE
. NNE NNE
Baba NNE I-PER
Jesu NNE I-PER
atiri NNE NNE
“ NNE NNE
ni NNE NNE
imamo NNE NNE
nacio NNE NNE
cia I-PLAC NNE
ni NNE NNE
itara NNE NNE
no NNE NNE
wa NNE NNE
ndari NNE NNE
ha NNE NNE
kiongo NNE NNE
. NNE NNE
Nake NNE NNE
ungi NNE NNE
: NNE NNE
Mwathani NNE I-PER
njitikiria NNE NNE
thii NNE NNE
mbere NNE NNE
, NNE NNE
ureke NNE NNE
mathike NNE NNE
ao NNE NNE
“ I-PER NNE
Na NNE NNE
aahaicire NNE NNE
, NNE NNE
ake NNE NNE
. NNE NNE
riri NNE NNE
makumbi NNE NNE
muno I-PLAC NNE
, NNE NNE
maatumaga NNE NNE
maingire I-PLAC NNE
; NNE NNE
we NNE NNE
toro NNE NNE
Nao NNE NNE
, NNE NNE
: NNE NNE
Mwathani NNE I-PER
tuhonikie NNE NNE
turi NNE NNE
guthira NNE NNE
“ NNE NNE
we NNE NNE
: NNE NNE
Muretigira NNE NNE
niki NNE NNE
inyui NNE NNE
na NNE NNE
munini NNE NNE
“ NNE NNE
agiukira NNE NNE
agikuuma NNE NNE
ruu NNE NNE
hamwe NNE NNE
Iria-ini NNE I-PLAC
na NNE NNE
biu NNE NNE
Nao NNE NNE
acio NNE NNE
na NNE NNE
atiri NNE NNE
“ NNE NNE
uyu NNE NNE
mundu NNE NNE
muthemba NNE NNE
? NNE NNE
huho NNE NNE
iria NNE NNE
iramwathikira NNE NNE
“ NNE NNE
aaringire I-PLAC NNE
ucio NNE NNE
gicigo-ini NNE I-PLAC
Agadari-ri NNE I-PLAC
na NNE NNE
eri NNE NNE
na NNE NNE
moimite I-PLAC NNE
. NNE NNE
maari NNE NNE
muno NNE NNE
uu NNE NNE
gutiri NNE NNE
wetikagira NNE NNE
njira NNE NNE
. NNE NNE
na NNE NNE
munene NNE NNE
: NNE NNE
Woka NNE NNE
atia NNE NNE
guku NNE NNE
muru NNE NNE
Ngai NNE I-PER
Baba NNE I-PER
woka NNE NNE
mbere NNE NNE
ihinda NNE NNE
rituitwo NNE NNE
? NNE NNE
Baba NNE I-PER
handu NNE NNE
kuuma NNE NNE
maari NNE NNE
ni NNE NNE
na NNE NNE
rwa NNE NNE
nyingi NNE NNE
. I-PER NNE
Na NNE NNE
icio NNE NNE
kumuthaitha NNE NNE
, NNE NNE
: NNE NNE
Angikoruo NNE NNE
ni NNE NNE
, NNE NNE
tuthii NNE NNE
thi-ini NNE I-PLAC
ruuru NNE NNE
rwa NNE NNE
. NNE NNE
Baba NNE I-PER
agiciira NNE NNE
“ NNE NNE
! NNE NNE
Nacio NNE NNE
na NNE NNE
ikiingira NNE NNE
wa NNE NNE
icio NNE NNE
na NNE NNE
, NNE NNE
ruu NNE NNE
rugiikuruka I-PLAC NNE
rukigwa I-PLAC NNE
na NNE NNE
Mai-ini NNE I-PLAC
ariithi NNE NNE
magithii NNE NNE
na NNE NNE
tauni NNE NNE
makiheana NNE NNE
mothe NNE NNE
hamwe NNE NNE
uhoro NNE NNE
andu NNE NNE
maari NNE NNE
ndaimono NNE NNE
Na NNE NNE
, NNE NNE
othe NNE NNE
tauni NNE NNE
makiumururuka NNE NNE
Jesu NNE I-PER
na NNE NNE
maamuonire NNE NNE
makimuthaitha NNE NNE
oime I-PLAC NNE
kiao NNE NNE
Baba NNE I-PER
, I-PER NNE
akihaica NNE NNE
. NNE NNE
murimo NNE I-PLAC
ungi NNE NNE
akiingira NNE NNE
ya NNE NNE
. I-PER NNE
Nao NNE NNE
makimurehera NNE NNE
wakuite NNE NNE
akometio I-PLAC NNE
. I-PER NNE
Na NNE NNE
Jesu NNE I-PER
witikio NNE NNE
, NNE NNE
mundu NNE NNE
wakuite NNE NNE
atiri NNE NNE
“ NNE NNE
wakwa NNE NNE
ndugetigire NNE NNE
Ni NNE NNE
mehia NNE NNE
. NNE NNE
Na NNE NNE
amwe NNE NNE
atiri NNE NNE
“ NNE NNE
uyu NNE NNE
araruma I-PER NNE
. NNE NNE
Nake I-PER NNE
amenya NNE NNE
mao NNE NNE
uu NNE NNE
“ NNE NNE
maundu NNE NNE
thiini NNE NNE
ngoro NNE NNE
niki NNE NNE
Ni NNE NNE
undu NNE NNE
muhuthu NNE NNE
ni NNE NNE
, NNE NNE
Ni NNE NNE
mehia NNE NNE
, NNE NNE
kana NNE NNE
kuuga NNE NNE
' NNE NNE
witware NNE NNE
“ I-PER NNE
Muru NNE NNE
mundu NNE NNE
na NNE NNE
wa NNE NNE
mehia NNE NNE
thi NNE I-PLAC
agicoka NNE NNE
mundu NNE NNE
wakuite NNE NNE
atiri NNE NNE
“ NNE NNE
, NNE NNE
kiriri NNE NNE
, NNE NNE
uinuke NNE NNE
“ NNE NNE
mundu NNE NNE
agiukira NNE NNE
akiinuka NNE NNE
Na NNE NNE
kirindi NNE NNE
uguo NNE NNE
gikimaka NNE NNE
gikigooca I-PER NNE
, NNE NNE
we NNE NNE
andu NNE NNE
ta NNE NNE
. I-PER NNE
Na NNE NNE
