Hindi NNE NNE
Mucukani NNE I-PER
nake NNE NNE
araika NNE NNE
makiambiriria NNE NNE
. NNE NNE
riria NNE NNE
ati I-PER NNE
ni NNE NNE
, NNE NNE
kuu NNE NNE
Galili NNE I-PLAC
Baba NNE I-PER
thutha NNE NNE
kuuma NNE NNE
, NNE NNE
akiambiriria NNE NNE
Kaperinaumu NNE I-PLAC
na NNE NNE
, I-PLAC NNE
cia I-PLAC NNE
na I-PLAC NNE
, NNE NNE
muri I-PLAC NNE
ya NNE NNE
Iria-ini NNE I-PLAC
murimo NNE I-PLAC
ungi NNE NNE
Jorodani NNE I-PLAC
Galili NNE I-PLAC
andu NNE NNE
nduriri NNE NNE
Baba NNE I-PER
aria NNE NNE
Nduma-ini NNE I-PLAC
moonire NNE NNE
. NNE NNE
, NNE NNE
aria NNE NNE
Kiiruru-ini NNE I-PLAC
kirehaga NNE NNE
, NNE NNE
ni NNE NNE
. NNE NNE
Baba NNE I-PER
hindi NNE NNE
, I-PER NNE
akiambiriria NNE NNE
akiugaga NNE NNE
“ NNE NNE
, NNE NNE
uthamaki NNE NNE
iguru NNE I-PLAC
ukuiriirie NNE NNE
“ I-PER NNE
na NNE NNE
aathiagira NNE NNE
na NNE NNE
ria I-PLAC NNE
, NNE NNE
ariu NNE NNE
a NNE NNE
umwe NNE NNE
Simoni NNE I-PER
witagwo I-PER NNE
, NNE NNE
Andrea NNE I-PER
wa NNE NNE
, NNE NNE
neti I-PLAC NNE
, NNE NNE
maari NNE NNE
a NNE NNE
. I-PER NNE
Nake NNE NNE
uu NNE NNE
“ NNE NNE
, NNE NNE
ningumutua NNE NNE
a NNE NNE
. NNE NNE
Baba NNE I-PER
o NNE NNE
iyo NNE NNE
neti NNE NNE
, NNE NNE
. I-PER NNE
oima NNE NNE
, NNE NNE
andu NNE NNE
eri NNE NNE
nyina NNE NNE
, I-PER NNE
na I-PER NNE
hamwe NNE NNE
ithe NNE NNE
Zebedi NNE I-PER
thiini NNE NNE
gataru NNE NNE
neti NNE NNE
, NNE NNE
akimeta NNE NNE
Baba NNE I-PER
hindi NNE NNE
magitiga NNE NNE
, NNE NNE
magitiga NNE NNE
, NNE NNE
. I-PER NNE
Agicoka NNE NNE
Galili NNE I-PLAC
, NNE NNE
Thunagogi-ini NNE I-PLAC
akihunjagia NNE NNE
uria NNE NNE
wa NNE NNE
na NNE NNE
andu NNE NNE
yothe NNE NNE
wonje NNE NNE
mithemba NNE NNE
. NNE NNE
uhoro NNE NNE
ukimenyeka I-PLAC NNE
guothe NNE NNE
na NNE NNE
andu NNE NNE
othe NNE NNE
ni NNE NNE
itiganite NNE NNE
na NNE NNE
, NNE NNE
na NNE NNE
maakuite NNE NNE
imwe NNE NNE
akimahonia NNE NNE
Baba NNE I-PER
undu NNE NNE
, NNE NNE
nene NNE NNE
andu NNE NNE
Galili NNE I-PLAC
Dekapoli NNE I-PLAC
Jerusalemu NNE I-PLAC
Judea NNE I-PLAC
murimo NNE I-PLAC
ungi NNE NNE
Jorodani NNE I-PLAC
ikimurumirira NNE NNE
Baba NNE I-PER
onire NNE NNE
kia NNE NNE
, NNE NNE
Kirima-ini NNE I-PLAC
na NNE NNE
wa NNE NNE
thi NNE I-PLAC
arutwo NNE NNE
magiuka NNE NNE
we NNE NNE
Baba NNE I-PER
kumaruta NNE NNE
: NNE NNE
Gukena-ri NNE NNE
aria NNE NNE
mabataro NNE NNE
ma NNE NNE
, NNE NNE
gukoruo NNE NNE
wa I-PLAC NNE
ni NNE NNE
. NNE NNE
Baba NNE I-PER
Gukena-ri NNE NNE
aria NNE NNE
, NNE NNE
ni NNE NNE
. NNE NNE
Baba NNE I-PER
Gukena-ri NNE NNE
aria NNE NNE
, NNE NNE
gukoruo NNE NNE
makagaya I-PLAC NNE
. NNE NNE
Baba NNE I-PER
Gukena-ri NNE NNE
ni NNE NNE
mahutaga NNE NNE
makanyotera NNE NNE
ma NNE NNE
, NNE NNE
gukoruo NNE NNE
makaahunio NNE NNE
“ I-PER NNE
Gukena-ri NNE NNE
ni NNE NNE
mari NNE NNE
, NNE NNE
gukoruo NNE NNE
makaiguiruo NNE NNE
. NNE NNE
Baba NNE I-PER
Gukena-ri NNE NNE
ni NNE NNE
arungiriru NNE NNE
, NNE NNE
gukoruo NNE NNE
makona I-PER NNE
. NNE NNE
Baba NNE I-PER
Gukena-ri NNE NNE
ni NNE NNE
macaragia NNE NNE
, NNE NNE
ni NNE NNE
ariu NNE NNE
Ngai NNE I-PER
“ I-PER NNE
Baba NNE I-PER
onire NNE NNE
na NNE NNE
aingi NNE NNE
haria NNE NNE
, NNE NNE
atiri NNE NNE
“ NNE NNE
njiarua NNE NNE
nyoka NNE NNE
thumu NNE NNE
nu NNE NNE
ati NNE NNE
muurire NNE NNE
maria NNE NNE
? NNE NNE
undu NNE NNE
, NNE NNE
maciaro NNE NNE
ni NNE NNE
. I-PER NNE
Baba NNE I-PER
onire NNE NNE
na NNE NNE
aingi NNE NNE
haria NNE NNE
, NNE NNE
atiri NNE NNE
“ NNE NNE
njiarua NNE NNE
nyoka NNE NNE
thumu NNE NNE
nu NNE NNE
ati NNE NNE
muurire NNE NNE
maria NNE NNE
? NNE NNE
undu NNE NNE
, NNE NNE
maciaro NNE NNE
ni NNE NNE
. I-PER NNE
Mutikeire NNE NNE
, NNE NNE
ithui NNE NNE
ciana NNE NNE
Iburahimu NNE I-PER
' NNE NNE
ngumwira NNE NNE
Ngai NNE I-PER
ahote NNE NNE
Iburahimu NNE I-PER
na NNE NNE
kuuma NNE NNE
maya NNE NNE
Baba NNE I-PER
ni NNE NNE
Gitina-ini NNE I-PLAC
Mutikeire NNE NNE
Baba NNE I-PER
muti NNE NNE
wothe NNE NNE
maciaro NNE NNE
ni NNE NNE
na NNE NNE
Mwaki-ini NNE I-PLAC
Baba NNE I-PER
ndimubatithagia NNE NNE
mai NNE NNE
wa NNE NNE
kwanyu NNE NNE
No NNE NNE
uroka NNE NNE
wakwa NNE NNE
munene NNE NNE
, NNE NNE
itaru NNE NNE
ndiri NNE NNE
wa NNE NNE
. I-PER NNE
Ucio NNE NNE
na NNE NNE
mutheru NNE NNE
mwaki NNE NNE
Baba NNE I-PER
giake NNE NNE
kuhuuha NNE NNE
akinyitite NNE NNE
na NNE NNE
agaatheria NNE NNE
giake NNE NNE
, NNE NNE
acokaniririe NNE NNE
yake NNE NNE
wa NNE NNE
, NNE NNE
mahuti NNE NNE
gucina NNE NNE
na NNE NNE
uria NNE NNE
. NNE NNE
Baba NNE I-PER
Jesu NNE I-PER
Galili NNE I-PLAC
kuri I-PER NNE
Ruui-ini NNE I-PLAC
Jorodani NNE I-PLAC
abatithio NNE NNE
. I-PER NNE
No I-PER NNE
akigeria NNE NNE
, NNE NNE
: NNE NNE
kai I-PER NNE
kuri NNE NNE
na NNE NNE
ndirabatara NNE NNE
niwe NNE NNE
“ I-PER NNE
akimucokeria NNE NNE
: NNE NNE
kungiria NNE NNE
Tondu NNE NNE
njira NNE NNE
ni NNE NNE
tuhingie NNE NNE
mothe NNE NNE
uthingu NNE NNE
“ NNE NNE
agitiga NNE NNE
. I-PER NNE
Thutha NNE NNE
Jesu NNE I-PER
, NNE NNE
Maai-ini NNE I-PLAC
rimwe NNE NNE
nario I-PLAC NNE
rikihinguka NNE NNE
Johana NNE I-PER
roho NNE NNE
Ngai NNE I-PER
uhaana NNE NNE
ndutura NNE NNE
iguru NNE I-PLAC
. I-PER NNE
na NNE NNE
, NNE NNE
ukiuma I-PLAC NNE
ukiuga NNE NNE
: NNE NNE
Uyu NNE NNE
muru NNE NNE
, NNE NNE
nyendete NNE NNE
, NNE NNE
ni NNE NNE
. NNE NNE
Jesu NNE I-PER
agitongorio NNE NNE
roho NNE NNE
weru-ini NNE I-PLAC
aageririo NNE NNE
Mucukani NNE I-PER
Baba NNE I-PER
wa NNE NNE
kuria NNE NNE
thiku NNE NNE
ina NNE NNE
akiigua NNE NNE
. I-PER NNE
Nake I-PER NNE
agiuka NNE NNE
uu NNE NNE
“ NNE NNE
uria NNE NNE
wa I-PER NNE
, NNE NNE
mahiga NNE NNE
matuike NNE NNE
. NNE NNE
No I-PER NNE
akimucokeria NNE NNE
: I-PER NNE
kimathi NNE I-PER
Baba NNE I-PER
Ni NNE NNE
atiri NNE NNE
' NNE NNE
mugate NNE NNE
ungituuria NNE NNE
muoyo NNE NNE
No NNE NNE
kiugo NNE NNE
kiumaga I-PLAC NNE
kai I-PER NNE
. NNE NNE
“ NNE NNE
Mucukani NNE I-PER
thiini NNE NNE
ituura NNE NNE
itheru NNE NNE
Gacumbiri-ini NNE I-PLAC
hekaru NNE I-PLAC
akimwira NNE NNE
: NNE NNE
Angikoruo NNE NNE
muru NNE NNE
Ngai NNE I-PER
wiguithie I-PLAC NNE
, NNE NNE
ni NNE NNE
: NNE NNE
agaatha NNE NNE
ake NNE NNE
waku NNE NNE
' NNE NNE
' NNE NNE
magakunyitirira NNE NNE
niguo NNE NNE
kuguru NNE NNE
ihiga NNE NNE
' NNE NNE
Jesu NNE I-PER
: NNE NNE
na NNE NNE
maandiko NNE NNE
atiri NNE NNE
' NNE NNE
Jehova I-PER I-PER
waku NNE NNE
' NNE NNE
Baba I-PER I-PER
agicoka NNE NNE
Kirima-ini NNE I-PLAC
muno NNE NNE
akimuonia NNE NNE
mothe NNE NNE
thi NNE I-PLAC
riri NNE NNE
. I-PER NNE
Akimwira NNE NNE
: NNE NNE
maundu NNE NNE
mothe NNE NNE
ngukuhe NNE NNE
maru NNE NNE
. NNE NNE
Nake I-PER NNE
akimwira NNE NNE
Thii I-PER NNE
! NNE NNE
ni NNE NNE
atiri NNE NNE
' I-PER NNE
Ngai NNE I-PER
nowe NNE NNE
wagiriiruo NNE NNE
utungata NNE NNE
. NNE NNE
“ I-PER NNE
Hindi NNE NNE
Mucukani NNE I-PER
nake NNE NNE
araika NNE NNE
makiambiriria NNE NNE
. NNE NNE
riria NNE NNE
ati I-PER NNE
ni NNE NNE
, NNE NNE
kuu NNE NNE
Galili NNE I-PLAC
Baba NNE I-PER
thutha NNE NNE
kuuma NNE NNE
, NNE NNE
akiambiriria NNE NNE
Kaperinaumu NNE I-PLAC
na NNE NNE
, I-PLAC NNE
cia I-PLAC NNE
na I-PLAC NNE
, NNE NNE
muri I-PLAC NNE
ya NNE NNE
Iria-ini NNE I-PLAC
murimo NNE I-PLAC
ungi NNE NNE
Jorodani NNE I-PLAC
Galili NNE I-PLAC
andu NNE NNE
nduriri NNE NNE
Baba NNE I-PER
aria NNE NNE
Nduma-ini NNE I-PLAC
moonire NNE NNE
. NNE NNE
, NNE NNE
aria NNE NNE
Kiiruru-ini NNE I-PLAC
kirehaga NNE NNE
, NNE NNE
ni NNE NNE
. NNE NNE
Baba NNE I-PER
hindi NNE NNE
, I-PER NNE
akiambiriria NNE NNE
akiugaga NNE NNE
“ NNE NNE
, NNE NNE
uthamaki NNE NNE
iguru NNE I-PLAC
ukuiriirie NNE NNE
“ I-PER NNE
na NNE NNE
aathiagira NNE NNE
na NNE NNE
ria I-PLAC NNE
, NNE NNE
ariu NNE NNE
a NNE NNE
umwe NNE NNE
Simoni NNE I-PER
witagwo I-PER NNE
, NNE NNE
Andrea NNE I-PER
wa NNE NNE
, NNE NNE
neti I-PLAC NNE
, NNE NNE
maari NNE NNE
a NNE NNE
. I-PER NNE
Nake NNE NNE
uu NNE NNE
“ NNE NNE
, NNE NNE
ningumutua NNE NNE
a NNE NNE
. NNE NNE
Baba NNE I-PER
o NNE NNE
iyo NNE NNE
neti NNE NNE
, NNE NNE
. I-PER NNE
oima NNE NNE
, NNE NNE
andu NNE NNE
eri NNE NNE
nyina NNE NNE
, I-PER NNE
na I-PER NNE
hamwe NNE NNE
ithe NNE NNE
Zebedi NNE I-PER
thiini NNE NNE
gataru NNE NNE
neti NNE NNE
, NNE NNE
akimeta NNE NNE
Baba NNE I-PER
hindi NNE NNE
magitiga NNE NNE
, NNE NNE
magitiga NNE NNE
, NNE NNE
. I-PER NNE
Agicoka NNE NNE
Galili NNE I-PLAC
, NNE NNE
Thunagogi-ini NNE I-PLAC
akihunjagia NNE NNE
uria NNE NNE
wa NNE NNE
na NNE NNE
andu NNE NNE
yothe NNE NNE
wonje NNE NNE
mithemba NNE NNE
. NNE NNE
uhoro NNE NNE
ukimenyeka I-PLAC NNE
guothe NNE NNE
na NNE NNE
andu NNE NNE
othe NNE NNE
ni NNE NNE
itiganite NNE NNE
na NNE NNE
, NNE NNE
na NNE NNE
maakuite NNE NNE
imwe NNE NNE
akimahonia NNE NNE
Baba NNE I-PER
undu NNE NNE
, NNE NNE
nene NNE NNE
andu NNE NNE
Galili NNE I-PLAC
Dekapoli NNE I-PLAC
Jerusalemu NNE I-PLAC
Judea NNE I-PLAC
murimo NNE I-PLAC
ungi NNE NNE
Jorodani NNE I-PLAC
ikimurumirira NNE NNE
Baba NNE I-PER
onire NNE NNE
kia NNE NNE
, NNE NNE
Kirima-ini NNE I-PLAC
na NNE NNE
wa NNE NNE
thi NNE I-PLAC
arutwo NNE NNE
magiuka NNE NNE
we NNE NNE
Baba NNE I-PER
kumaruta NNE NNE
: NNE NNE
Gukena-ri NNE NNE
aria NNE NNE
mabataro NNE NNE
ma NNE NNE
, NNE NNE
gukoruo NNE NNE
wa I-PLAC NNE
ni NNE NNE
. NNE NNE
Baba NNE I-PER
Gukena-ri NNE NNE
aria NNE NNE
, NNE NNE
ni NNE NNE
. NNE NNE
Baba NNE I-PER
Gukena-ri NNE NNE
aria NNE NNE
, NNE NNE
gukoruo NNE NNE
makagaya I-PLAC NNE
. NNE NNE
Baba NNE I-PER
Gukena-ri NNE NNE
ni NNE NNE
mahutaga NNE NNE
makanyotera NNE NNE
ma NNE NNE
, NNE NNE
gukoruo NNE NNE
makaahunio NNE NNE
“ I-PER NNE
Gukena-ri NNE NNE
ni NNE NNE
mari NNE NNE
, NNE NNE
gukoruo NNE NNE
makaiguiruo NNE NNE
. NNE NNE
Baba NNE I-PER
atiri NNE NNE
' NNE NNE
turi NNE NNE
cia I-PER NNE
. NNE NNE
Tondu NNE NNE
ati I-PER NNE
No NNE NNE
gutuma I-PER NNE
agie NNE NNE
ciana NNE NNE
Mahiga-ini NNE NNE
. I-PER NNE
Ithanwa NNE NNE
riitagwo I-PLAC NNE
kia NNE NNE
. I-PER NNE
Kwoguo NNE NNE
uria NNE NNE
utaciaraga NNE NNE
mega NNE NNE
ugatemwo NNE NNE
uikio I-PLAC NNE
. I-PER NNE
Nii NNE NNE
na NNE NNE
ni NNE NNE
kwirira NNE NNE
, NNE NNE
uria NNE NNE
thutha NNE NNE
ni NNE NNE
kungira NNE NNE
nacio NNE NNE
ciake NNE NNE
mwagiriru NNE NNE
guciruta NNE NNE
Baba NNE I-PER
akaamubatithagia NNE NNE
roho NNE NNE
na NNE NNE
. I-PER NNE
Gitaruru NNE NNE
gia NNE NNE
ni NNE NNE
, NNE NNE
ni NNE NNE
kihuuhiro NNE NNE
biu NNE NNE
na NNE NNE
ngano NNE NNE
thiini NNE NNE
ikumbi NNE NNE
No NNE NNE
ni NNE NNE
akaamacina NNE NNE
mwaki NNE NNE
utangihoreka NNE NNE
“ I-PER NNE
Nake I-PER NNE
akiuma I-PLAC NNE
agithii NNE NNE
Johana I-PLAC I-PER
rwa I-PLAC NNE
niguo NNE NNE
niwe NNE NNE
Baba NNE I-PER
Johana NNE I-PER
kumugiria NNE NNE
akimuuria NNE NNE
“ NNE NNE
wagiuka NNE I-PER
nii NNE NNE
nii NNE NNE
ubatithio NNE NNE
? NNE NNE
Jesu NNE I-PER
akimwira NNE NNE
Tiga NNE NNE
, NNE NNE
na NNE NNE
iyo NNE NNE
kwagiriire NNE NNE
maundu NNE NNE
maathiaga NNE NNE
. NNE NNE
Nake NNE NNE
kumugiria NNE NNE
Baba NNE I-PER
wa I-PER NNE
kubatithio NNE NNE
akiumira I-PLAC NNE
o NNE NNE
, NNE NNE
iguru NNE I-PLAC
, I-PER NNE
akiona NNE NNE
wa I-PER NNE
ugiikuruka NNE NNE
ta NNE NNE
ugiuka I-PLAC NNE
riake NNE NNE
Baba NNE I-PER
riri NNE NNE
mugambo NNE NNE
iguru NNE I-PLAC
ariti NNE NNE
“ NNE NNE
ni NNE NNE
wakwa NNE NNE
uria NNE NNE
muno NNE NNE
na NNE NNE
ndimwitikirite NNE NNE
“ I-PER NNE
agicoka NNE NNE
ni NNE NNE
nginya I-PLAC NNE
kuria NNE NNE
ni I-PER NNE
. I-PER NNE
Thutha NNE NNE
kwihingira NNE NNE
irio NNE NNE
mirongo NNE NNE
, NNE NNE
ahitii NNE NNE
Baba NNE I-PER
mugerania NNE I-PER
akimwira NNE NNE
: NNE NNE
Angikoruo NNE NNE
muru NNE NNE
Ngai NNE I-PER
garura NNE NNE
maya NNE NNE
migate NNE NNE
“ NNE NNE
Jesu NNE I-PER
atiri NNE NNE
“ NNE NNE
kwandike NNE NNE
: NNE NNE
To NNE NNE
wiki NNE NNE
mundu NNE NNE
, NNE NNE
ni NNE NNE
giothe NNE NNE
Kanua-ini NNE I-PLAC
Jehova NNE I-PER
' NNE NNE
Ningi I-PER NNE
akimutwara NNE NNE
wa NNE NNE
riria NNE NNE
akimwambatia I-PLAC NNE
ka I-PLAC NNE
na NNE NNE
atiri NNE NNE
“ NNE NNE
uri NNE NNE
wa I-PER NNE
, NNE NNE
thi NNE I-PLAC
Tondu NNE NNE
uu NNE NNE
' NNE NNE
