Baba I-PER I-PER
niwe NNE NNE
nawe NNE NNE
Baba I-PER I-PER
ni NNE NNE
wakwa NNE NNE
Baba I-PER I-PER
erire NNE NNE
wake NNE NNE
cukuru NNE NNE
Baricho I-ORG B-ORG
School NNE I-ORG
Baba I-PER I-PER
ni NNE NNE
. I-PER NNE
Mwangi NNE I-PER
dagitari NNE NNE
Baba I-PER I-PER
aikaraga NNE NNE
. I-PER NNE
Mwathi NNE NNE
uira NNE NNE
yake NNE NNE
Baba I-PER I-PER
niarohoriruo NNE NNE
njela NNE NNE
Kamiti I-ORG B-ORG
Prison NNE I-ORG
Baba I-PER I-PER
ni NNE NNE
waiguiriirwo NNE NNE
Baba I-PER I-PER
ti NNE NNE
mwega NNE NNE
Baba NNE I-PER
wa I-PER NNE
ni NNE NNE
mwihokeku NNE NNE
Baba I-PER I-PER
ni NNE NNE
wa NNE NNE
. I-PER NNE
Ngari NNE NNE
ruciu NNE NNE
Baba I-PER I-PER
maciarirwo NNE NNE
na I-PER NNE
. I-PER NNE
Ngengi NNE I-PER
ithe NNE NNE
Kenyatta NNE I-PER
Baba I-PER I-PER
na NNE NNE
nia NNE NNE
riimwe NNE NNE
Baba I-PER I-PER
athiire I-PLAC NNE
. I-PER NNE
Nginyo NNE I-PER
nyina NNE NNE
Baba I-PER I-PER
ni NNE NNE
wa NNE NNE
. I-PER NNE
Ngunjiri NNE I-PER
mutongoria NNE NNE
imwana NNE NNE
Baba I-PER I-PER
ni NNE NNE
mwendi NNE NNE
. I-PER NNE
Njagi NNE I-PER
muruti NNE NNE
wira NNE NNE
muingi NNE NNE
Baba I-PER I-PER
ni NNE NNE
wa NNE NNE
. I-PER NNE
Njau NNE I-PER
gukira NNE NNE
. I-PER NNE
Njega NNE NNE
Njega I-ORG NNE
High I-ORG I-ORG
. I-PER NNE
Njeru NNE I-PER
kuendia NNE NNE
. I-PER NNE
Njogu NNE I-PER
muthuri NNE NNE
. I-PER NNE
Njoka NNE I-PER
baba NNE NNE
. I-PER NNE
Njomo NNE I-PER
muthuri NNE NNE
riika NNE NNE
uuki NNE NNE
Baba I-PER I-PER
niahanda NNE NNE
. I-PER NNE
Njoroge NNE NNE
kuruta NNE NNE
wa NNE NNE
. I-PER NNE
Njuguna NNE I-PER
mundu NNE NNE
muno NNE NNE
Baba NNE I-PER
ni I-PER NNE
. I-PER NNE
Ukai NNE NNE
Nyamu NNE I-PER
Baba I-PER I-PER
okire I-TIME NNE
. I-PER NNE
Nyoro NNE I-PER
cukuru NNE NNE
Baba NNE I-PER
kuona I-PER NNE
. I-PER NNE
Theuri NNE I-PER
mundu NNE NNE
. I-PER NNE
Thuku NNE I-PER
guthii NNE NNE
. I-PER NNE
Ndikwenga NNE NNE
na I-PER NNE
. I-PER NNE
Twathii NNE NNE
Wachira NNE I-PER
Baba I-PER I-PER
ni NNE NNE
. I-PER NNE
Wachiuri NNE I-PER
muthuri NNE NNE
muno NNE NNE
Baba I-PER I-PER
nairega NNE NNE
. I-PER NNE
Wahome NNE I-PER
muthuri NNE NNE
andu NNE NNE
Baba I-PER I-PER
niokire NNE NNE
mucii NNE NNE
Baba I-PER I-PER
ni NNE NNE
. I-PER NNE
tutingihota NNE NNE
kwa I-PER NNE
. I-PER NNE
Waita NNE I-PER
ciana NNE NNE
. I-PER NNE
Waititu NNE I-PER
ee NNE NNE
muno NNE NNE
Baba NNE I-PER
tuthii NNE NNE
Wamutitu NNE I-PER
Baba I-PER I-PER
ni NNE NNE
wamaitu NNE NNE
Baba NNE I-PER
gutura NNE NNE
guoya NNE NNE
Wamahiu NNE I-PER
Baba I-PER I-PER
endagia NNE NNE
. I-PER NNE
Wamiti NNE I-PER
murugi NNE NNE
. I-PER NNE
Wamugunda NNE I-PER
wira I-PLAC NNE
. I-PER NNE
Wanderi NNE I-PER
muthuri NNE NNE
ituura NNE NNE
Baba I-PER I-PER
ndangienda NNE NNE
aru NNE NNE
wa NNE NNE
. I-PER NNE
Wang'ondu NNE I-PER
mutongoria NNE NNE
Baba I-PER I-PER
niwe NNE NNE
. I-PER NNE
Warari NNE I-PER
ithe NNE NNE
mutumia NNE NNE
. I-PER NNE
Warui NNE I-PER
guuka NNE NNE
. I-PER NNE
Waruiru NNE I-PER
guku NNE NNE
. I-PER NNE
Wanene NNE I-PER
muhuri NNE NNE
inada NNE NNE
Baba I-PER I-PER
atumaga NNE NNE
. I-PER NNE
Twathii NNE NNE
kwa I-PER NNE
. I-PER NNE
Weru NNE I-PER
muhuri NNE NNE
inada NNE NNE
Baba I-PER I-PER
ni NNE NNE
muno NNE NNE
Baba I-PER I-PER
ndagooka NNE NNE
Baba I-PER I-PER
niarahikire NNE NNE
Baba I-PER I-PER
niwe NNE NNE
. I-PER NNE
Mumbi NNE I-PER
kana NNE NNE
. I-PER NNE
Muringa NNE I-PER
akihurwo NNE NNE
murume NNE NNE
Baba I-PER I-PER
niwe NNE NNE
. I-PER NNE
Murugi NNE I-PER
mutongoria NNE NNE
Nyeri NNE NNE
Baba I-PER I-PER
niaragiire NNE NNE
. I-PER NNE
Mwara NNE I-PER
mutumia NNE NNE
ni NNE NNE
kanini NNE NNE
. I-PER NNE
Nduta NNE I-PER
kairitu NNE NNE
mama NNE NNE
Baba I-PER I-PER
ni NNE NNE
wa I-PER NNE
. I-PER NNE
Ngina NNE I-PER
uhiki NNE NNE
. I-PER NNE
Njambi NNE I-PER
muthaka NNE NNE
nyanya NNE NNE
iganjo NNE NNE
Baba I-PER I-PER
niwe NNE NNE
. I-PER NNE
Njoki NNE I-PER
mundu NNE NNE
. I-PER NNE
Nungari NNE I-PER
mutangathi NNE NNE
kameme NNE NNE
Baba I-PER I-PER
. I-PER NNE
Nyaguthii NNE I-PER
ruciu NNE NNE
Baba I-PER I-PER
ndaguuka NNE NNE
. I-PER NNE
Nyambura NNE I-PER
andu NNE NNE
. I-PER NNE
Nyendete NNE NNE
getawgo I-PER NNE
. I-PER NNE
Nyokabi NNE I-PER
mundu NNE NNE
. I-PER NNE
Waceke NNE I-PER
cukuru NNE NNE
. I-PER NNE
Wacu NNE I-PER
. I-PER NNE
Guku NNE NNE
kwa I-PER NNE
. I-PER NNE
Wagichugu NNE I-PER
. I-PER NNE
Wahu NNE I-PER
. I-PER NNE
Wairimu NNE I-PER
mundu NNE NNE
muno NNE NNE
Baba I-PER I-PER
niarakara NNE NNE
Baba I-PER I-PER
athii NNE NNE
. I-PER NNE
Wamaitha NNE I-PER
kairitu NNE NNE
. I-PER NNE
Wambeere NNE I-PER
guku NNE NNE
. I-PER NNE
Wambugua NNE I-PER
guuka NNE NNE
Baba I-PER I-PER
niarakuire NNE NNE
Baba I-PER I-PER
ni NNE NNE
. I-PER NNE
Wamuyu NNE I-PER
maitu NNE NNE
Baba I-PER I-PER
athii NNE NNE
macani NNE NNE
Baba I-PER I-PER
niaragiire NNE NNE
. I-PER NNE
Wangeci NNE I-PER
. I-PER NNE
Wangu NNE I-PER
mutumia NNE NNE
. I-PER NNE
Wangui NNE I-PER
ndagitari NNE NNE
Baba I-PER I-PER
nioka NNE NNE
Baba I-PER I-PER
athii NNE NNE
maai NNE NNE
Baba I-PER I-PER
niatigana NNE NNE
ndeto NNE NNE
. I-PER NNE
Wanjiru NNE I-PER
mutungu NNE NNE
. I-PER NNE
Wanyiri NNE I-PER
. I-PER NNE
Wanyora NNE I-PER
cukuru NNE NNE
Baba I-PER I-PER
ni NNE NNE
. I-PER NNE
Waringa NNE I-PER
mundu NNE NNE
muno NNE NNE
Baba I-PER I-PER
athii NNE NNE
? NNE NNE
Baba I-PER I-PER
endagia NNE NNE
. I-PER NNE
Wawira NNE I-PER
Muthoni NNE I-PER
. I-PER NNE
Gacheri NNE I-PER
mbaari NNE NNE
. I-PER NNE
Gathoni NNE I-PER
turiganiitiE NNE NNE
. I-PER NNE
Gathigia NNE I-PER
thoko NNE NNE
Baba I-PER I-PER
athii NNE NNE
. I-PER NNE
Gakenia NNE I-PER
. I-PER NNE
Gachaki NNE I-PER
muthenya NNE NNE
kiumia NNE NNE
Baba I-PER I-PER
athii NNE NNE
. I-PER NNE
Kabura NNE I-PER
wa NNE NNE
cucu NNE NNE
Baba I-PER I-PER
aikaraga I-PLAC NNE
. I-PER NNE
Kanini NNE I-PER
mumeru NNE NNE
Baba I-PER I-PER
ni NNE NNE
ngatha NNE NNE
Baba I-PER I-PER
niwe NNE NNE
. I-PER NNE
Kibui NNE I-PER
wa NNE NNE
ya NNE NNE
. I-PER NNE
Mugure NNE I-PER
kurima NNE NNE
Baba I-PER I-PER
ni NNE NNE
. I-PER NNE
Nyakinyua NNE I-PER
kunyitwo NNE NNE
Baba I-PER I-PER
niwe NNE NNE
. I-PER NNE
Twathomaga NNE NNE
na I-PER NNE
. I-PER NNE
Nyakiuru NNE I-PER
naku NNE NNE
. I-PER NNE
Nyarua NNE I-PER
ku NNE NNE
. I-PER NNE
Ruguru NNE I-PER
ira NNE NNE
Baba I-PER I-PER
endagia NNE NNE
. I-PER NNE
Watiri NNE I-PER
nyama NNE NNE
Baba I-PER I-PER
endagia NNE NNE
. I-PER NNE
Wanjeri NNE I-PER
irai NNE NNE
Baba I-PER I-PER
niwe NNE NNE
mugunda NNE NNE
Baba I-PER I-PER
ni NNE NNE
keega NNE NNE
Baba I-PER I-PER
ndaguukaga NNE NNE
? I-PER NNE
Wairu NNE I-PER
njoohi NNE NNE
Baba I-PER I-PER
ni NNE NNE
wa NNE NNE
munini NNE NNE
Baba NNE I-PER
gukinya NNE NNE
Warue NNE I-PER
Baba I-PER I-PER
ni NNE NNE
wa I-PER NNE
Baba I-PER I-PER
ti NNE NNE
mwega NNE NNE
Baba I-PER I-PER
arutaga NNE NNE
cia I-PER NNE
. I-PER NNE
Wakabari NNE I-PER
mwari NNE NNE
nyina NNE NNE
Kinyua NNE I-PER
Baba I-PER I-PER
ni NNE NNE
murathime NNE NNE
Baba I-PER I-PER
aciariirwo NNE NNE
mutumia NNE NNE
Ngima NNE I-PER
Baba I-PER I-PER
niwe NNE NNE
umuthi NNE NNE
Baba I-PER I-PER
ni NNE NNE
wakwa NNE NNE
Baba I-PER I-PER
ni NNE NNE
wa NNE NNE
wa NNE NNE
. I-PER NNE
Warukira NNE I-PER
warugamagirira NNE NNE
ria NNE NNE
. I-PER NNE
Wamuyu NNE I-PER
maitu NNE NNE
Baba I-PER I-PER
ni NNE NNE
wa NNE NNE
. I-PER NNE
Wambui NNE I-PER
mutumia NNE NNE
Karanja NNE I-PER
Baba I-PER I-PER
na I-PER NNE
ni NNE NNE
mainaga NNE NNE
Baba I-PER I-PER
angienda NNE NNE
guku NNE NNE
na NNE NNE
. I-PER NNE
Uria NNE NNE
tata I-PER NNE
. I-PER NNE
Gacunji NNE I-PER
mugunda NNE NNE
Baba I-PER I-PER
niwe NNE NNE
wene NNE NNE
Baba I-PER I-PER
aikaraga NNE NNE
. I-PER NNE
Wairigia NNE I-PER
mwire NNE NNE
Kagumo NNE I-PLAC
Baba I-PER I-PER
ni NNE NNE
cucu NNE NNE
. I-PER NNE
Mucene NNE I-PER
bururi NNE NNE
Ethiopia NNE I-PLAC
Baba I-PER I-PER
aikaraga I-PLAC NNE
. I-PER NNE
Kinyajui NNE I-PER
mundu NNE NNE
mathekania NNE NNE
Baba I-PER I-PER
aikaraga I-PLAC NNE
. I-PER NNE
Karubu NNE I-PER
munyui NNE NNE
njohI NNE NNE
Baba I-PER I-PER
ni NNE NNE
njorua NNE NNE
Baba I-PER I-PER
atuire NNE NNE
muthini NNE NNE
riria NNE NNE
giuthi NNE NNE
Baba I-PER I-PER
ni NNE NNE
wa I-PLAC NNE
. I-PER NNE
King'ori NNE I-PER
mutumia NNE NNE
mathiire I-PLAC NNE
. I-PER NNE
Mbuthi NNE I-PER
ngathiti NNE NNE
Nation I-ORG B-ORG
Group NNE I-ORG
Baba I-PER I-PER
ni NNE NNE
muno NNE NNE
Baba I-PER I-PER
nikuo NNE NNE
mathiko NNE NNE
Baba I-PER I-PER
ndari NNE NNE
ibuku NNE NNE
Baba I-PER I-PER
aari NNE NNE
mwathiki NNE NNE
Baba I-PER I-PER
ni NNE NNE
wa NNE NNE
kia NNE NNE
. I-PER NNE
Warui NNE I-PER
kubanga NNE NNE
ciake NNE NNE
. I-PER NNE
Kamande NNE I-PER
guku NNE NNE
. I-PER NNE
Kanyuira NNE I-PER
mugunda NNE NNE
wa I-PLAC NNE
. I-PER NNE
Kanyiha NNE I-PER
thoko NNE NNE
. I-PER NNE
Mutahi NNE I-PER
mutumia NNE NNE
Baba NNE I-PER
wa I-PER NNE
niwe NNE NNE
maundu NNE NNE
. I-PER NNE
Kamanja NNE I-PER
mwana NNE NNE
guka NNE NNE
Baba I-PER I-PER
okire NNE NNE
kiroko NNE I-TIME
Baba NNE I-PER
tuthii NNE NNE
kana NNE NNE
Njiri NNE I-PER
Baba I-PER I-PER
agooka NNE NNE
. I-PER NNE
Gathemba NNE I-PER
mutwari NNE NNE
kibikibi NNE NNE
Baba I-PER I-PER
ni NNE NNE
kia NNE NNE
na I-PLAC NNE
. I-PER NNE
Kinyua NNE I-PER
muini NNE NNE
nyimbo NNE NNE
mwathani NNE I-PER
Baba I-PER I-PER
athii NNE NNE
na NNE NNE
nginya NNE NNE
. I-PER NNE
Kabucho NNE I-PER
ithe NNE NNE
Wamae NNE I-PER
Baba I-PER I-PER
oima NNE NNE
kuringo NNE NNE
ngari NNE NNE
Baba I-PER I-PER
aingira NNE NNE
anjiririe NNE NNE
kuhura NNE NNE
Baba I-PER I-PER
athomagira B-PLAC NNE
Institue I-PLAC I-PLAC
Mombasa NNE I-PLAC
Baba I-PER I-PER
ni NNE NNE
mwihokeku NNE NNE
muiguithaniri NNE NNE
. I-PER NNE
Kahindi NNE I-PER
thimu NNE NNE
Inooro I-ORG B-ORG
. I-PER NNE
Mathenge NNE I-PER
kugura NNE NNE
Mathaai I-ORG B-ORG
