agaatha NNE NNE
ake NNE NNE
waku NNE NNE
' NNE NNE
' NNE NNE
magakunyitirira NNE NNE
niguo NNE NNE
kuguru NNE NNE
ihiga NNE NNE
Baba NNE I-PER
“ I-PER NNE
akimwira NNE NNE
O NNE NNE
ningi NNE NNE
moigaga NNE NNE
: NNE NNE
ndukanagerie I-PER NNE
Ngai NNE I-PER
. NNE NNE
“ I-PER NNE
Mucukani NNE I-PER
akimutwara I-PLAC NNE
kiraya NNE NNE
na NNE NNE
mothamaki NNE NNE
ma I-PLAC NNE
na NNE NNE
wamo NNE NNE
Baba NNE I-PER
uu NNE NNE
“ NNE NNE
maya NNE NNE
ni NNE NNE
unginduriria NNE NNE
uthathaiye NNE NNE
“ NNE NNE
Jesu NNE I-PER
: NNE NNE
Shaitani NNE I-PER
Tondu NNE NNE
kwandike NNE NNE
: NNE NNE
Jehova I-PER I-PER
waku NNE NNE
wiki NNE NNE
kurutira NNE NNE
mutheru NNE NNE
' NNE NNE
Baba NNE I-PER
iyo I-PER NNE
agitigana NNE NNE
, NNE NNE
magiuka NNE NNE
kumutungara NNE NNE
Na NNE NNE
aaiguire NNE NNE
Johana NNE I-PER
anyitwo NNE NNE
akiuma NNE NNE
agithii I-PLAC NNE
. I-PER NNE
ningi NNE NNE
wa NNE NNE
Nazarethi NNE NNE
agithii NNE NNE
guikara I-PLAC NNE
hakuhi NNE NNE
iria NNE NNE
Icigo-ini NNE I-PLAC
Zebuluni NNE I-PLAC
Nafitali NNE I-PLAC
inyui NNE NNE
Barabara-ini NNE I-PLAC
guthii I-PLAC NNE
, I-PLAC NNE
uria NNE NNE
wa I-PLAC NNE
, I-PLAC NNE
kwa NNE NNE
a NNE NNE
! I-PER NNE
Andu NNE NNE
maikaraga I-PLAC NNE
ni NNE NNE
utheri NNE NNE
munene NNE NNE
nao NNE NNE
maikaraga I-PLAC NNE
kiria NNE NNE
gikuu NNE NNE
makiariruo NNE NNE
utheri NNE NNE
“ I-PER NNE
Kuuma NNE NNE
iyo NNE NNE
Jesu NNE I-PER
kuhunjia NNE NNE
: NNE NNE
Mwirirei NNE NNE
Tondu NNE NNE
wa I-PLAC NNE
ni NNE NNE
. NNE NNE
Baba NNE I-PER
riria NNE NNE
hakuhi NNE NNE
iria NNE NNE
Galili NNE I-PLAC
akiona NNE NNE
eri NNE NNE
nyina NNE NNE
, I-PER NNE
uria NNE NNE
Petero NNE I-PER
na I-PER NNE
muru NNE NNE
nyina NNE NNE
magiikia NNE NNE
Iria-ini NNE I-PLAC
tondu NNE NNE
ategi NNE NNE
thamaki NNE NNE
Baba NNE I-PER
akimeera NNE NNE
: NNE NNE
Numirirai NNE NNE
na NNE NNE
ategi NNE NNE
andu NNE NNE
“ I-PER NNE
Na NNE NNE
hindi NNE NNE
magitiga NNE NNE
ciao NNE NNE
makimurumirira NNE NNE
Jesu NNE I-PER
hau NNE NNE
akiona NNE NNE
angi NNE NNE
a NNE NNE
umwe NNE NNE
Jakubu NNE I-PER
Johana NNE I-PER
na NNE NNE
wao I-PER NNE
mari NNE NNE
wa NNE NNE
magituma NNE NNE
ciao NNE NNE
na NNE NNE
. I-PER NNE
O NNE NNE
iyo NNE NNE
gataru NNE NNE
na NNE NNE
ithe NNE NNE
makimurumirira NNE NNE
Baba NNE I-PER
agithii I-PLAC NNE
guothe NNE NNE
akitutanaga I-PLAC NNE
ciao NNE NNE
uhoro NNE NNE
mwega NNE NNE
uthamaki NNE NNE
akihonagia NNE NNE
mirimu NNE NNE
na NNE NNE
wa NNE NNE
yothe NNE NNE
naguo NNE NNE
wake NNE NNE
Siria NNE I-PLAC
, NNE NNE
makimurehera NNE NNE
aria NNE NNE
maathinagio NNE NNE
mirimu NNE NNE
, NNE NNE
ndaimono NNE NNE
kibaba NNE NNE
aria NNE NNE
ciiga NNE NNE
, NNE NNE
. I-PER NNE
Ni NNE NNE
ucio NNE NNE
irindi NNE NNE
cia NNE NNE
kuuma I-PLAC NNE
, I-PLAC NNE
, I-PLAC NNE
, I-PLAC NNE
na I-PLAC NNE
uria NNE NNE
wa I-PLAC NNE
, NNE NNE
. I-PER NNE
Riria NNE NNE
kirindi NNE NNE
andu NNE NNE
agithii I-PLAC NNE
, NNE NNE
thutha NNE NNE
guikara I-PLAC NNE
, NNE NNE
ake NNE NNE
kuri NNE NNE
. I-PER NNE
akiambiriria NNE NNE
akiuga NNE NNE
“ NNE NNE
ni NNE NNE
marumbuyagia NNE NNE
mao NNE NNE
kiiroho NNE NNE
ni NNE NNE
uthamaki NNE NNE
iguru NNE I-PLAC
wao NNE NNE
“ I-PER NNE
'' NNE NNE
ni NNE NNE
macakayaga NNE NNE
gukoruo NNE NNE
makomiririo NNE NNE
“ I-PER NNE
“ NNE NNE
ni NNE NNE
ahooreri NNE NNE
ni NNE NNE
ni NNE NNE
thi NNE I-PLAC
“ I-PER NNE
“ NNE NNE
, NNE NNE
aria NNE NNE
na NNE NNE
maundu NNE NNE
uthingu NNE NNE
ni NNE NNE
ni NNE NNE
. NNE NNE
Baba NNE I-PER
, NNE NNE
aria NNE NNE
tha NNE NNE
ni NNE NNE
ni NNE NNE
tha NNE NNE
“ I-PER NNE
“ NNE NNE
, NNE NNE
aria NNE NNE
ni NNE NNE
wa NNE NNE
, NNE NNE
gukoruo NNE NNE
wa I-PLAC NNE
ni NNE NNE
. NNE NNE
Baba NNE I-PER
Gukena-ri NNE NNE
ni NNE NNE
Riria NNE NNE
mekumunyururia NNE NNE
kumunyarira NNE NNE
kumuigirira NNE NNE
cia NNE NNE
yothe NNE NNE
ni NNE NNE
wa NNE NNE
riakwa NNE NNE
“ I-PER NNE
kenai NNE NNE
mucanjamuke NNE NNE
, NNE NNE
gukuruo NNE NNE
kianyu NNE NNE
kinene NNE NNE
iguru NNE I-PLAC
tondu NNE NNE
noguo NNE NNE
anabii NNE NNE
maari NNE NNE
yanyu NNE NNE
Baba NNE I-PER
wa I-NUM NNE
. I-PER NNE
mwaka-ini NNE NNE
2016 NNE I-NUM
Baba NNE I-PER
wa I-NUM NNE
. I-PER NNE
. NNE NNE
Ni NNE NNE
cumbi NNE NNE
thi NNE I-PLAC
no NNE NNE
ungite NNE NNE
waguo-ri NNE NNE
ungicokio NNE NNE
atia NNE NNE
Ndungikoruo NNE NNE
bata NNE NNE
, NNE NNE
tiga NNE NNE
ukinyangiririo I-PLAC NNE
ni NNE NNE
. I-PER NNE
“ NNE NNE
inyui NNE NNE
wa I-PLAC NNE
. I-PER NNE
Ituura NNE NNE
kirimaiguru NNE NNE
. NNE NNE
matiakagia NNE NNE
makaukunikiria NNE NNE
gikabu NNE NNE
no NNE NNE
handu I-PLAC NNE
, NNE NNE
tawa NNE NNE
ukamurikira NNE NNE
othe NNE NNE
thiini NNE NNE
nyumba NNE NNE
undu NNE NNE
na NNE NNE
, NNE NNE
utheri NNE NNE
utheragire NNE NNE
, NNE NNE
monage NNE NNE
cianyu NNE NNE
na NNE NNE
ithe NNE NNE
wa I-PLAC NNE
. I-PER NNE
“ NNE NNE
ndokire NNE NNE
watho NNE NNE
uhoro NNE NNE
Ababii NNE I-PER
Baba NNE I-PER
kuuhingia NNE NNE
Baba NNE I-PER
atiri NNE NNE
ma NNE NNE
